Archive member included to satisfy reference by file (symbol)

/usr/lib/gcc/arm-none-eabi/6.3.1/../../../arm-none-eabi/lib/thumb/v7-m/libc_nano.a(lib_a-atexit.o)
                              /usr/lib/gcc/arm-none-eabi/6.3.1/../../../arm-none-eabi/lib/thumb/v7-m/crt0.o (atexit)
/usr/lib/gcc/arm-none-eabi/6.3.1/../../../arm-none-eabi/lib/thumb/v7-m/libc_nano.a(lib_a-exit.o)
                              /usr/lib/gcc/arm-none-eabi/6.3.1/../../../arm-none-eabi/lib/thumb/v7-m/crt0.o (exit)
/usr/lib/gcc/arm-none-eabi/6.3.1/../../../arm-none-eabi/lib/thumb/v7-m/libc_nano.a(lib_a-fini.o)
                              /usr/lib/gcc/arm-none-eabi/6.3.1/../../../arm-none-eabi/lib/thumb/v7-m/crt0.o (__libc_fini_array)
/usr/lib/gcc/arm-none-eabi/6.3.1/../../../arm-none-eabi/lib/thumb/v7-m/libc_nano.a(lib_a-impure.o)
                              /usr/lib/gcc/arm-none-eabi/6.3.1/../../../arm-none-eabi/lib/thumb/v7-m/libc_nano.a(lib_a-exit.o) (_global_impure_ptr)
/usr/lib/gcc/arm-none-eabi/6.3.1/../../../arm-none-eabi/lib/thumb/v7-m/libc_nano.a(lib_a-init.o)
                              /usr/lib/gcc/arm-none-eabi/6.3.1/../../../arm-none-eabi/lib/thumb/v7-m/crt0.o (__libc_init_array)
/usr/lib/gcc/arm-none-eabi/6.3.1/../../../arm-none-eabi/lib/thumb/v7-m/libc_nano.a(lib_a-memset.o)
                              /usr/lib/gcc/arm-none-eabi/6.3.1/../../../arm-none-eabi/lib/thumb/v7-m/crt0.o (memset)
/usr/lib/gcc/arm-none-eabi/6.3.1/../../../arm-none-eabi/lib/thumb/v7-m/libc_nano.a(lib_a-snprintf.o)
                              build/main.o (snprintf)
/usr/lib/gcc/arm-none-eabi/6.3.1/../../../arm-none-eabi/lib/thumb/v7-m/libc_nano.a(lib_a-strlen-stub.o)
                              build/main.o (strlen)
/usr/lib/gcc/arm-none-eabi/6.3.1/../../../arm-none-eabi/lib/thumb/v7-m/libc_nano.a(lib_a-__atexit.o)
                              /usr/lib/gcc/arm-none-eabi/6.3.1/../../../arm-none-eabi/lib/thumb/v7-m/libc_nano.a(lib_a-atexit.o) (__register_exitproc)
/usr/lib/gcc/arm-none-eabi/6.3.1/../../../arm-none-eabi/lib/thumb/v7-m/libc_nano.a(lib_a-__call_atexit.o)
                              /usr/lib/gcc/arm-none-eabi/6.3.1/../../../arm-none-eabi/lib/thumb/v7-m/libc_nano.a(lib_a-__atexit.o) (__call_exitprocs)
/usr/lib/gcc/arm-none-eabi/6.3.1/../../../arm-none-eabi/lib/thumb/v7-m/libc_nano.a(lib_a-nano-svfprintf.o)
                              /usr/lib/gcc/arm-none-eabi/6.3.1/../../../arm-none-eabi/lib/thumb/v7-m/libc_nano.a(lib_a-snprintf.o) (_svfprintf_r)
/usr/lib/gcc/arm-none-eabi/6.3.1/../../../arm-none-eabi/lib/thumb/v7-m/libc_nano.a(lib_a-nano-vfprintf_i.o)
                              /usr/lib/gcc/arm-none-eabi/6.3.1/../../../arm-none-eabi/lib/thumb/v7-m/libc_nano.a(lib_a-nano-svfprintf.o) (_printf_i)
/usr/lib/gcc/arm-none-eabi/6.3.1/../../../arm-none-eabi/lib/thumb/v7-m/libc_nano.a(lib_a-memchr-stub.o)
                              /usr/lib/gcc/arm-none-eabi/6.3.1/../../../arm-none-eabi/lib/thumb/v7-m/libc_nano.a(lib_a-nano-svfprintf.o) (memchr)
/usr/lib/gcc/arm-none-eabi/6.3.1/../../../arm-none-eabi/lib/thumb/v7-m/libc_nano.a(lib_a-memcpy.o)
                              /usr/lib/gcc/arm-none-eabi/6.3.1/../../../arm-none-eabi/lib/thumb/v7-m/libc_nano.a(lib_a-nano-svfprintf.o) (memcpy)
/usr/lib/gcc/arm-none-eabi/6.3.1/../../../arm-none-eabi/lib/thumb/v7-m/libc_nano.a(lib_a-memmove.o)
                              /usr/lib/gcc/arm-none-eabi/6.3.1/../../../arm-none-eabi/lib/thumb/v7-m/libc_nano.a(lib_a-nano-svfprintf.o) (memmove)
/usr/lib/gcc/arm-none-eabi/6.3.1/../../../arm-none-eabi/lib/thumb/v7-m/libc_nano.a(lib_a-nano-freer.o)
                              /usr/lib/gcc/arm-none-eabi/6.3.1/../../../arm-none-eabi/lib/thumb/v7-m/libc_nano.a(lib_a-nano-svfprintf.o) (_free_r)
/usr/lib/gcc/arm-none-eabi/6.3.1/../../../arm-none-eabi/lib/thumb/v7-m/libc_nano.a(lib_a-nano-mallocr.o)
                              /usr/lib/gcc/arm-none-eabi/6.3.1/../../../arm-none-eabi/lib/thumb/v7-m/libc_nano.a(lib_a-nano-svfprintf.o) (_malloc_r)
/usr/lib/gcc/arm-none-eabi/6.3.1/../../../arm-none-eabi/lib/thumb/v7-m/libc_nano.a(lib_a-nano-reallocr.o)
                              /usr/lib/gcc/arm-none-eabi/6.3.1/../../../arm-none-eabi/lib/thumb/v7-m/libc_nano.a(lib_a-nano-svfprintf.o) (_realloc_r)
/usr/lib/gcc/arm-none-eabi/6.3.1/../../../arm-none-eabi/lib/thumb/v7-m/libc_nano.a(lib_a-sbrkr.o)
                              /usr/lib/gcc/arm-none-eabi/6.3.1/../../../arm-none-eabi/lib/thumb/v7-m/libc_nano.a(lib_a-nano-mallocr.o) (_sbrk_r)
/usr/lib/gcc/arm-none-eabi/6.3.1/../../../arm-none-eabi/lib/thumb/v7-m/libc_nano.a(lib_a-nano-msizer.o)
                              /usr/lib/gcc/arm-none-eabi/6.3.1/../../../arm-none-eabi/lib/thumb/v7-m/libc_nano.a(lib_a-nano-reallocr.o) (_malloc_usable_size_r)
/usr/lib/gcc/arm-none-eabi/6.3.1/../../../arm-none-eabi/lib/thumb/v7-m/libc_nano.a(lib_a-reent.o)
                              /usr/lib/gcc/arm-none-eabi/6.3.1/../../../arm-none-eabi/lib/thumb/v7-m/libc_nano.a(lib_a-sbrkr.o) (errno)
[...]
Memory Configuration

Name             Origin             Length             Attributes
RAM              0x0000000020000000 0x0000000000005000 xrw
FLASH            0x0000000008000000 0x0000000000010000 xr
*default*        0x0000000000000000 0xffffffffffffffff

Linker script and memory map

LOAD /usr/lib/gcc/arm-none-eabi/6.3.1/thumb/v7-m/crti.o
LOAD /usr/lib/gcc/arm-none-eabi/6.3.1/thumb/v7-m/crtbegin.o
LOAD /usr/lib/gcc/arm-none-eabi/6.3.1/../../../arm-none-eabi/lib/thumb/v7-m/crt0.o
LOAD build/main.o
LOAD build/gpio.o
LOAD build/adc.o
LOAD build/dma.o
LOAD build/i2c.o
LOAD build/spi.o
LOAD build/sys.o
LOAD build/usb_device.o
LOAD build/usbd_conf.o
LOAD build/usbd_desc.o
LOAD build/usbd_cdc_if.o
LOAD build/stm32f1xx_it.o
LOAD build/stm32f1xx_hal_msp.o
LOAD build/stm32f1xx_hal_gpio_ex.o
LOAD build/stm32f1xx_hal_pcd.o
LOAD build/stm32f1xx_hal_pcd_ex.o
LOAD build/stm32f1xx_ll_usb.o
LOAD build/stm32f1xx_hal.o
LOAD build/stm32f1xx_hal_rcc.o
LOAD build/stm32f1xx_hal_rcc_ex.o
LOAD build/stm32f1xx_hal_gpio.o
LOAD build/stm32f1xx_hal_dma.o
LOAD build/stm32f1xx_hal_cortex.o
LOAD build/stm32f1xx_hal_pwr.o
LOAD build/stm32f1xx_hal_flash.o
LOAD build/stm32f1xx_hal_flash_ex.o
LOAD build/stm32f1xx_hal_exti.o
LOAD build/stm32f1xx_hal_adc.o
LOAD build/stm32f1xx_hal_adc_ex.o
LOAD build/stm32f1xx_hal_i2c.o
LOAD build/stm32f1xx_hal_spi.o
LOAD build/stm32f1xx_hal_tim.o
LOAD build/stm32f1xx_hal_tim_ex.o
LOAD build/system_stm32f1xx.o
LOAD build/usbd_core.o
LOAD build/usbd_ctlreq.o
LOAD build/usbd_ioreq.o
LOAD build/usbd_cdc.o
LOAD build/adxl345.o
LOAD build/startup_stm32f103xb.o
LOAD /usr/lib/gcc/arm-none-eabi/6.3.1/../../../arm-none-eabi/lib/thumb/v7-m/libc_nano.a
LOAD /usr/lib/gcc/arm-none-eabi/6.3.1/../../../arm-none-eabi/lib/thumb/v7-m/libm.a
LOAD /usr/lib/gcc/arm-none-eabi/6.3.1/../../../arm-none-eabi/lib/thumb/v7-m/libnosys.a
START GROUP
LOAD /usr/lib/gcc/arm-none-eabi/6.3.1/thumb/v7-m/libgcc.a
LOAD /usr/lib/gcc/arm-none-eabi/6.3.1/../../../arm-none-eabi/lib/thumb/v7-m/libc_nano.a
END GROUP
START GROUP
LOAD /usr/lib/gcc/arm-none-eabi/6.3.1/thumb/v7-m/libgcc.a
LOAD /usr/lib/gcc/arm-none-eabi/6.3.1/../../../arm-none-eabi/lib/thumb/v7-m/libc_nano.a
END GROUP
LOAD /usr/lib/gcc/arm-none-eabi/6.3.1/thumb/v7-m/crtend.o
LOAD /usr/lib/gcc/arm-none-eabi/6.3.1/thumb/v7-m/crtn.o
                0x0000000020005000                _estack = 0x20005000
                0x0000000000000200                _Min_Heap_Size = 0x200
                0x0000000000000400                _Min_Stack_Size = 0x400

.isr_vector     0x0000000008000000      0x10c
                0x0000000008000000                . = ALIGN (0x4)
 *(.isr_vector)
 .isr_vector    0x0000000008000000      0x10c build/startup_stm32f103xb.o
                0x0000000008000000                g_pfnVectors
                0x000000000800010c                . = ALIGN (0x4)

.text           0x000000000800010c     0x54c8
                0x000000000800010c                . = ALIGN (0x4)
 *(.text)
 .text          0x000000000800010c       0xa4 /usr/lib/gcc/arm-none-eabi/6.3.1/thumb/v7-m/crtbegin.o
 .text          0x00000000080001b0       0x50 /usr/lib/gcc/arm-none-eabi/6.3.1/../../../arm-none-eabi/lib/thumb/v7-m/libc_nano.a(lib_a-init.o)
                0x00000000080001b0                __libc_init_array
 .text          0x0000000008000200       0x9c /usr/lib/gcc/arm-none-eabi/6.3.1/../../../arm-none-eabi/lib/thumb/v7-m/libc_nano.a(lib_a-memset.o)
                0x0000000008000200                memset
 .text          0x000000000800029c      0x120 /usr/lib/gcc/arm-none-eabi/6.3.1/../../../arm-none-eabi/lib/thumb/v7-m/libc_nano.a(lib_a-snprintf.o)
                0x000000000800029c                _sniprintf_r
                0x000000000800029c                _snprintf_r
                0x0000000008000328                snprintf
                0x0000000008000328                sniprintf
 .text          0x00000000080003bc       0x5c /usr/lib/gcc/arm-none-eabi/6.3.1/../../../arm-none-eabi/lib/thumb/v7-m/libc_nano.a(lib_a-strlen-stub.o)
                0x00000000080003bc                strlen
 .text          0x0000000008000418      0x408 /usr/lib/gcc/arm-none-eabi/6.3.1/../../../arm-none-eabi/lib/thumb/v7-m/libc_nano.a(lib_a-nano-svfprintf.o)
                0x0000000008000418                __ssputs_r
                0x00000000080004dc                __ssprint_r
                0x00000000080005d8                _svfprintf_r
                0x00000000080005d8                _svfiprintf_r
 .text          0x0000000008000820      0x3cc /usr/lib/gcc/arm-none-eabi/6.3.1/../../../arm-none-eabi/lib/thumb/v7-m/libc_nano.a(lib_a-nano-vfprintf_i.o)
                0x0000000008000820                _printf_common
                0x0000000008000950                _printf_i
 .text          0x0000000008000bec       0x8c /usr/lib/gcc/arm-none-eabi/6.3.1/../../../arm-none-eabi/lib/thumb/v7-m/libc_nano.a(lib_a-memchr-stub.o)
                0x0000000008000bec                memchr
 .text          0x0000000008000c78       0xec /usr/lib/gcc/arm-none-eabi/6.3.1/../../../arm-none-eabi/lib/thumb/v7-m/libc_nano.a(lib_a-memcpy.o)
                0x0000000008000c78                memcpy
 .text          0x0000000008000d64       0xc8 /usr/lib/gcc/arm-none-eabi/6.3.1/../../../arm-none-eabi/lib/thumb/v7-m/libc_nano.a(lib_a-memmove.o)
                0x0000000008000d64                memmove
 .text          0x0000000008000e2c       0x90 /usr/lib/gcc/arm-none-eabi/6.3.1/../../../arm-none-eabi/lib/thumb/v7-m/libc_nano.a(lib_a-nano-freer.o)
                0x0000000008000e2c                _free_r
 .text          0x0000000008000ebc       0xbc /usr/lib/gcc/arm-none-eabi/6.3.1/../../../arm-none-eabi/lib/thumb/v7-m/libc_nano.a(lib_a-nano-mallocr.o)
                0x0000000008000ebc                _malloc_r
 .text          0x0000000008000f78       0x50 /usr/lib/gcc/arm-none-eabi/6.3.1/../../../arm-none-eabi/lib/thumb/v7-m/libc_nano.a(lib_a-nano-reallocr.o)
                0x0000000008000f78                _realloc_r
 .text          0x0000000008000fc8       0x24 /usr/lib/gcc/arm-none-eabi/6.3.1/../../../arm-none-eabi/lib/thumb/v7-m/libc_nano.a(lib_a-sbrkr.o)
                0x0000000008000fc8                _sbrk_r
 .text          0x0000000008000fec       0x14 /usr/lib/gcc/arm-none-eabi/6.3.1/../../../arm-none-eabi/lib/thumb/v7-m/libc_nano.a(lib_a-nano-msizer.o)
                0x0000000008000fec                _malloc_usable_size_r
 .text          0x0000000008001000       0x1c /usr/lib/gcc/arm-none-eabi/6.3.1/../../../arm-none-eabi/lib/thumb/v7-m/libnosys.a(sbrk.o)
                0x0000000008001000                _sbrk
 *(.text*)
 .text.SystemClock_Config
                0x000000000800101c       0x70 build/main.o
                0x000000000800101c                SystemClock_Config
 .text.main     0x000000000800108c       0xd0 build/main.o
                0x000000000800108c                main
 .text.Error_Handler
                0x000000000800115c        0x2 build/main.o
                0x000000000800115c                Error_Handler
 *fill*         0x000000000800115e        0x2 
 .text.MX_GPIO_Init
                0x0000000008001160       0x44 build/gpio.o
                0x0000000008001160                MX_GPIO_Init
 .text.MX_ADC1_Init
                0x00000000080011a4       0xac build/adc.o
                0x00000000080011a4                MX_ADC1_Init
 .text.HAL_ADC_MspInit
                0x0000000008001250       0x98 build/adc.o
                0x0000000008001250                HAL_ADC_MspInit
 .text.MX_DMA_Init
                0x00000000080012e8       0x34 build/dma.o
                0x00000000080012e8                MX_DMA_Init
 .text.MX_I2C1_Init
                0x000000000800131c       0x3c build/i2c.o
                0x000000000800131c                MX_I2C1_Init
 .text.HAL_I2C_MspInit
                0x0000000008001358       0x64 build/i2c.o
                0x0000000008001358                HAL_I2C_MspInit
 .text.MX_SPI2_Init
                0x00000000080013bc       0x4c build/spi.o
                0x00000000080013bc                MX_SPI2_Init
 .text.HAL_SPI_MspInit
                0x0000000008001408       0x64 build/spi.o
                0x0000000008001408                HAL_SPI_MspInit
 .text.MX_USB_DEVICE_Init
                0x000000000800146c       0x54 build/usb_device.o
                0x000000000800146c                MX_USB_DEVICE_Init
 .text.USBD_Get_USB_Status
                0x00000000080014c0       0x12 build/usbd_conf.o
 *fill*         0x00000000080014d2        0x2 
 .text.HAL_PCD_MspInit
                0x00000000080014d4       0x40 build/usbd_conf.o
                0x00000000080014d4                HAL_PCD_MspInit
 .text.HAL_PCD_SetupStageCallback
                0x0000000008001514       0x10 build/usbd_conf.o
                0x0000000008001514                HAL_PCD_SetupStageCallback
 .text.HAL_PCD_DataOutStageCallback
                0x0000000008001524       0x14 build/usbd_conf.o
                0x0000000008001524                HAL_PCD_DataOutStageCallback
 .text.HAL_PCD_DataInStageCallback
                0x0000000008001538       0x12 build/usbd_conf.o
                0x0000000008001538                HAL_PCD_DataInStageCallback
 .text.HAL_PCD_SOFCallback
                0x000000000800154a        0xc build/usbd_conf.o
                0x000000000800154a                HAL_PCD_SOFCallback
 .text.HAL_PCD_ResetCallback
                0x0000000008001556       0x22 build/usbd_conf.o
                0x0000000008001556                HAL_PCD_ResetCallback
 .text.HAL_PCD_SuspendCallback
                0x0000000008001578       0x20 build/usbd_conf.o
                0x0000000008001578                HAL_PCD_SuspendCallback
 .text.HAL_PCD_ResumeCallback
                0x0000000008001598        0xc build/usbd_conf.o
                0x0000000008001598                HAL_PCD_ResumeCallback
 .text.USBD_LL_Init
                0x00000000080015a4       0x84 build/usbd_conf.o
                0x00000000080015a4                USBD_LL_Init
 .text.USBD_LL_Start
                0x0000000008001628       0x10 build/usbd_conf.o
                0x0000000008001628                USBD_LL_Start
 .text.USBD_LL_OpenEP
                0x0000000008001638       0x16 build/usbd_conf.o
                0x0000000008001638                USBD_LL_OpenEP
 .text.USBD_LL_CloseEP
                0x000000000800164e       0x10 build/usbd_conf.o
                0x000000000800164e                USBD_LL_CloseEP
 .text.USBD_LL_StallEP
                0x000000000800165e       0x10 build/usbd_conf.o
                0x000000000800165e                USBD_LL_StallEP
 .text.USBD_LL_ClearStallEP
                0x000000000800166e       0x10 build/usbd_conf.o
                0x000000000800166e                USBD_LL_ClearStallEP
 .text.USBD_LL_IsStallEP
                0x000000000800167e       0x26 build/usbd_conf.o
                0x000000000800167e                USBD_LL_IsStallEP
 .text.USBD_LL_SetUSBAddress
                0x00000000080016a4       0x10 build/usbd_conf.o
                0x00000000080016a4                USBD_LL_SetUSBAddress
 .text.USBD_LL_Transmit
                0x00000000080016b4       0x10 build/usbd_conf.o
                0x00000000080016b4                USBD_LL_Transmit
 .text.USBD_LL_PrepareReceive
                0x00000000080016c4       0x10 build/usbd_conf.o
                0x00000000080016c4                USBD_LL_PrepareReceive
 .text.USBD_LL_GetRxDataSize
                0x00000000080016d4        0xc build/usbd_conf.o
                0x00000000080016d4                USBD_LL_GetRxDataSize
 .text.USBD_static_malloc
                0x00000000080016e0        0x8 build/usbd_conf.o
                0x00000000080016e0                USBD_static_malloc
 .text.USBD_static_free
                0x00000000080016e8        0x2 build/usbd_conf.o
                0x00000000080016e8                USBD_static_free
 .text.HAL_PCDEx_SetConnectionState
                0x00000000080016ea        0x2 build/usbd_conf.o
                0x00000000080016ea                HAL_PCDEx_SetConnectionState
 .text.USBD_FS_DeviceDescriptor
                0x00000000080016ec        0xc build/usbd_desc.o
                0x00000000080016ec                USBD_FS_DeviceDescriptor
 .text.USBD_FS_LangIDStrDescriptor
                0x00000000080016f8        0xc build/usbd_desc.o
                0x00000000080016f8                USBD_FS_LangIDStrDescriptor
 .text.IntToUnicode
                0x0000000008001704       0x36 build/usbd_desc.o
 *fill*         0x000000000800173a        0x2 
 .text.Get_SerialNum
                0x000000000800173c       0x34 build/usbd_desc.o
 .text.USBD_FS_SerialStrDescriptor
                0x0000000008001770       0x14 build/usbd_desc.o
                0x0000000008001770                USBD_FS_SerialStrDescriptor
 .text.USBD_FS_ProductStrDescriptor
                0x0000000008001784       0x24 build/usbd_desc.o
                0x0000000008001784                USBD_FS_ProductStrDescriptor
 .text.USBD_FS_ManufacturerStrDescriptor
                0x00000000080017a8       0x1c build/usbd_desc.o
                0x00000000080017a8                USBD_FS_ManufacturerStrDescriptor
 .text.USBD_FS_ConfigStrDescriptor
                0x00000000080017c4       0x24 build/usbd_desc.o
                0x00000000080017c4                USBD_FS_ConfigStrDescriptor
 .text.USBD_FS_InterfaceStrDescriptor
                0x00000000080017e8       0x24 build/usbd_desc.o
                0x00000000080017e8                USBD_FS_InterfaceStrDescriptor
 .text.CDC_DeInit_FS
                0x000000000800180c        0x4 build/usbd_cdc_if.o
 .text.CDC_Control_FS
                0x0000000008001810        0x4 build/usbd_cdc_if.o
 .text.CDC_Receive_FS
                0x0000000008001814       0x1c build/usbd_cdc_if.o
 .text.CDC_Init_FS
                0x0000000008001830       0x28 build/usbd_cdc_if.o
 .text.CDC_Transmit_FS
                0x0000000008001858       0x2c build/usbd_cdc_if.o
                0x0000000008001858                CDC_Transmit_FS
 .text.NMI_Handler
                0x0000000008001884        0x2 build/stm32f1xx_it.o
                0x0000000008001884                NMI_Handler
 .text.HardFault_Handler
                0x0000000008001886        0x2 build/stm32f1xx_it.o
                0x0000000008001886                HardFault_Handler
 .text.MemManage_Handler
                0x0000000008001888        0x2 build/stm32f1xx_it.o
                0x0000000008001888                MemManage_Handler
 .text.BusFault_Handler
                0x000000000800188a        0x2 build/stm32f1xx_it.o
                0x000000000800188a                BusFault_Handler
 .text.UsageFault_Handler
                0x000000000800188c        0x2 build/stm32f1xx_it.o
                0x000000000800188c                UsageFault_Handler
 .text.SVC_Handler
                0x000000000800188e        0x2 build/stm32f1xx_it.o
                0x000000000800188e                SVC_Handler
 .text.DebugMon_Handler
                0x0000000008001890        0x2 build/stm32f1xx_it.o
                0x0000000008001890                DebugMon_Handler
 .text.PendSV_Handler
                0x0000000008001892        0x2 build/stm32f1xx_it.o
                0x0000000008001892                PendSV_Handler
 .text.SysTick_Handler
                0x0000000008001894        0x8 build/stm32f1xx_it.o
                0x0000000008001894                SysTick_Handler
 .text.DMA1_Channel1_IRQHandler
                0x000000000800189c       0x10 build/stm32f1xx_it.o
                0x000000000800189c                DMA1_Channel1_IRQHandler
 .text.USB_LP_CAN1_RX0_IRQHandler
                0x00000000080018ac       0x10 build/stm32f1xx_it.o
                0x00000000080018ac                USB_LP_CAN1_RX0_IRQHandler
 .text.HAL_MspInit
                0x00000000080018bc       0x44 build/stm32f1xx_hal_msp.o
                0x00000000080018bc                HAL_MspInit
 .text.HAL_PCD_Init
                0x0000000008001900       0xf4 build/stm32f1xx_hal_pcd.o
                0x0000000008001900                HAL_PCD_Init
 .text.HAL_PCD_Start
                0x00000000080019f4       0x2e build/stm32f1xx_hal_pcd.o
                0x00000000080019f4                HAL_PCD_Start
 .text.HAL_PCD_SetAddress
                0x0000000008001a22       0x28 build/stm32f1xx_hal_pcd.o
                0x0000000008001a22                HAL_PCD_SetAddress
 .text.HAL_PCD_EP_Open
                0x0000000008001a4a       0x70 build/stm32f1xx_hal_pcd.o
                0x0000000008001a4a                HAL_PCD_EP_Open
 .text.HAL_PCD_EP_Close
                0x0000000008001aba       0x5c build/stm32f1xx_hal_pcd.o
                0x0000000008001aba                HAL_PCD_EP_Close
 .text.HAL_PCD_EP_Receive
                0x0000000008001b16       0x3e build/stm32f1xx_hal_pcd.o
                0x0000000008001b16                HAL_PCD_EP_Receive
 .text.HAL_PCD_EP_GetRxCount
                0x0000000008001b54        0xe build/stm32f1xx_hal_pcd.o
                0x0000000008001b54                HAL_PCD_EP_GetRxCount
 .text.HAL_PCD_EP_Transmit
                0x0000000008001b62       0x3c build/stm32f1xx_hal_pcd.o
                0x0000000008001b62                HAL_PCD_EP_Transmit
 .text.PCD_EP_ISR_Handler
                0x0000000008001b9e      0x388 build/stm32f1xx_hal_pcd.o
 .text.HAL_PCD_IRQHandler
                0x0000000008001f26      0x176 build/stm32f1xx_hal_pcd.o
                0x0000000008001f26                HAL_PCD_IRQHandler
 .text.HAL_PCD_EP_SetStall
                0x000000000800209c       0x6e build/stm32f1xx_hal_pcd.o
                0x000000000800209c                HAL_PCD_EP_SetStall
 .text.HAL_PCD_EP_ClrStall
                0x000000000800210a       0x6e build/stm32f1xx_hal_pcd.o
                0x000000000800210a                HAL_PCD_EP_ClrStall
 .text.HAL_PCDEx_PMAConfig
                0x0000000008002178       0x30 build/stm32f1xx_hal_pcd_ex.o
                0x0000000008002178                HAL_PCDEx_PMAConfig
 .text.USB_CoreInit
                0x00000000080021a8        0xe build/stm32f1xx_ll_usb.o
                0x00000000080021a8                USB_CoreInit
 .text.USB_EnableGlobalInt
                0x00000000080021b6       0x12 build/stm32f1xx_ll_usb.o
                0x00000000080021b6                USB_EnableGlobalInt
 .text.USB_DisableGlobalInt
                0x00000000080021c8       0x14 build/stm32f1xx_ll_usb.o
                0x00000000080021c8                USB_DisableGlobalInt
 .text.USB_SetCurrentMode
                0x00000000080021dc        0x4 build/stm32f1xx_ll_usb.o
                0x00000000080021dc                USB_SetCurrentMode
 .text.USB_DevInit
                0x00000000080021e0       0x2c build/stm32f1xx_ll_usb.o
                0x00000000080021e0                USB_DevInit
 .text.USB_ActivateEndpoint
                0x000000000800220c      0x380 build/stm32f1xx_ll_usb.o
                0x000000000800220c                USB_ActivateEndpoint
 .text.USB_DeactivateEndpoint
                0x000000000800258c      0x1d4 build/stm32f1xx_ll_usb.o
                0x000000000800258c                USB_DeactivateEndpoint
 .text.USB_EPSetStall
                0x0000000008002760       0x4a build/stm32f1xx_ll_usb.o
                0x0000000008002760                USB_EPSetStall
 .text.USB_EPClearStall
                0x00000000080027aa       0xa2 build/stm32f1xx_ll_usb.o
                0x00000000080027aa                USB_EPClearStall
 .text.USB_SetDevAddress
                0x000000000800284c        0xc build/stm32f1xx_ll_usb.o
                0x000000000800284c                USB_SetDevAddress
 .text.USB_DevConnect
                0x0000000008002858        0x4 build/stm32f1xx_ll_usb.o
                0x0000000008002858                USB_DevConnect
 .text.USB_DevDisconnect
                0x000000000800285c        0x4 build/stm32f1xx_ll_usb.o
                0x000000000800285c                USB_DevDisconnect
 .text.USB_ReadInterrupts
                0x0000000008002860        0x8 build/stm32f1xx_ll_usb.o
                0x0000000008002860                USB_ReadInterrupts
 .text.USB_EP0_OutStart
                0x0000000008002868        0x4 build/stm32f1xx_ll_usb.o
                0x0000000008002868                USB_EP0_OutStart
 .text.USB_WritePMA
                0x000000000800286c       0x2a build/stm32f1xx_ll_usb.o
                0x000000000800286c                USB_WritePMA
 .text.USB_EPStartXfer
                0x0000000008002896      0x350 build/stm32f1xx_ll_usb.o
                0x0000000008002896                USB_EPStartXfer
 .text.USB_ReadPMA
                0x0000000008002be6       0x30 build/stm32f1xx_ll_usb.o
                0x0000000008002be6                USB_ReadPMA
 *fill*         0x0000000008002c16        0x2 
 .text.HAL_InitTick
                0x0000000008002c18       0x4c build/stm32f1xx_hal.o
                0x0000000008002c18                HAL_InitTick
 .text.HAL_Init
                0x0000000008002c64       0x24 build/stm32f1xx_hal.o
                0x0000000008002c64                HAL_Init
 .text.HAL_IncTick
                0x0000000008002c88       0x18 build/stm32f1xx_hal.o
                0x0000000008002c88                HAL_IncTick
 .text.HAL_GetTick
                0x0000000008002ca0        0xc build/stm32f1xx_hal.o
                0x0000000008002ca0                HAL_GetTick
 .text.HAL_Delay
                0x0000000008002cac       0x28 build/stm32f1xx_hal.o
                0x0000000008002cac                HAL_Delay
 .text.RCC_Delay
                0x0000000008002cd4       0x2c build/stm32f1xx_hal_rcc.o
 .text.HAL_RCC_OscConfig
                0x0000000008002d00      0x410 build/stm32f1xx_hal_rcc.o
                0x0000000008002d00                HAL_RCC_OscConfig
 .text.HAL_RCC_GetSysClockFreq
                0x0000000008003110       0x6c build/stm32f1xx_hal_rcc.o
                0x0000000008003110                HAL_RCC_GetSysClockFreq
 .text.HAL_RCC_ClockConfig
                0x000000000800317c      0x168 build/stm32f1xx_hal_rcc.o
                0x000000000800317c                HAL_RCC_ClockConfig
 .text.HAL_RCC_GetHCLKFreq
                0x00000000080032e4        0xc build/stm32f1xx_hal_rcc.o
                0x00000000080032e4                HAL_RCC_GetHCLKFreq
 .text.HAL_RCC_GetPCLK1Freq
                0x00000000080032f0       0x20 build/stm32f1xx_hal_rcc.o
                0x00000000080032f0                HAL_RCC_GetPCLK1Freq
 .text.HAL_RCCEx_PeriphCLKConfig
                0x0000000008003310      0x114 build/stm32f1xx_hal_rcc_ex.o
                0x0000000008003310                HAL_RCCEx_PeriphCLKConfig
 .text.HAL_GPIO_Init
                0x0000000008003424      0x1f0 build/stm32f1xx_hal_gpio.o
                0x0000000008003424                HAL_GPIO_Init
 .text.HAL_DMA_Init
                0x0000000008003614       0x6c build/stm32f1xx_hal_dma.o
                0x0000000008003614                HAL_DMA_Init
 .text.HAL_DMA_IRQHandler
                0x0000000008003680      0x144 build/stm32f1xx_hal_dma.o
                0x0000000008003680                HAL_DMA_IRQHandler
 .text.HAL_NVIC_SetPriorityGrouping
                0x00000000080037c4       0x24 build/stm32f1xx_hal_cortex.o
                0x00000000080037c4                HAL_NVIC_SetPriorityGrouping
 .text.HAL_NVIC_SetPriority
                0x00000000080037e8       0x64 build/stm32f1xx_hal_cortex.o
                0x00000000080037e8                HAL_NVIC_SetPriority
 .text.HAL_NVIC_EnableIRQ
                0x000000000800384c       0x1c build/stm32f1xx_hal_cortex.o
                0x000000000800384c                HAL_NVIC_EnableIRQ
 .text.HAL_SYSTICK_Config
                0x0000000008003868       0x2c build/stm32f1xx_hal_cortex.o
                0x0000000008003868                HAL_SYSTICK_Config
 .text.HAL_ADC_ConfigChannel
                0x0000000008003894      0x138 build/stm32f1xx_hal_adc.o
                0x0000000008003894                HAL_ADC_ConfigChannel
 .text.ADC_ConversionStop_Disable
                0x00000000080039cc       0x4c build/stm32f1xx_hal_adc.o
                0x00000000080039cc                ADC_ConversionStop_Disable
 .text.HAL_ADC_Init
                0x0000000008003a18      0x110 build/stm32f1xx_hal_adc.o
                0x0000000008003a18                HAL_ADC_Init
 .text.I2C_IsAcknowledgeFailed
                0x0000000008003b28       0x32 build/stm32f1xx_hal_i2c.o
 .text.I2C_WaitOnFlagUntilTimeout
                0x0000000008003b5a       0x70 build/stm32f1xx_hal_i2c.o
 .text.I2C_WaitOnMasterAddressFlagUntilTimeout
                0x0000000008003bca       0xa4 build/stm32f1xx_hal_i2c.o
 .text.I2C_WaitOnTXEFlagUntilTimeout
                0x0000000008003c6e       0x54 build/stm32f1xx_hal_i2c.o
 *fill*         0x0000000008003cc2        0x2 
 .text.I2C_RequestMemoryWrite
                0x0000000008003cc4       0xcc build/stm32f1xx_hal_i2c.o
 .text.I2C_RequestMemoryRead
                0x0000000008003d90      0x134 build/stm32f1xx_hal_i2c.o
 .text.I2C_WaitOnBTFFlagUntilTimeout
                0x0000000008003ec4       0x54 build/stm32f1xx_hal_i2c.o
 .text.I2C_WaitOnRXNEFlagUntilTimeout
                0x0000000008003f18       0x6a build/stm32f1xx_hal_i2c.o
 *fill*         0x0000000008003f82        0x2 
 .text.HAL_I2C_Init
                0x0000000008003f84      0x1a0 build/stm32f1xx_hal_i2c.o
                0x0000000008003f84                HAL_I2C_Init
 .text.HAL_I2C_Mem_Write
                0x0000000008004124      0x168 build/stm32f1xx_hal_i2c.o
                0x0000000008004124                HAL_I2C_Mem_Write
 .text.HAL_I2C_Mem_Read
                0x000000000800428c      0x2fc build/stm32f1xx_hal_i2c.o
                0x000000000800428c                HAL_I2C_Mem_Read
 .text.HAL_SPI_Init
                0x0000000008004588       0x7c build/stm32f1xx_hal_spi.o
                0x0000000008004588                HAL_SPI_Init
 .text.SystemInit
                0x0000000008004604       0x4c build/system_stm32f1xx.o
                0x0000000008004604                SystemInit
 .text.USBD_Init
                0x0000000008004650       0x2e build/usbd_core.o
                0x0000000008004650                USBD_Init
 .text.USBD_RegisterClass
                0x000000000800467e        0xe build/usbd_core.o
                0x000000000800467e                USBD_RegisterClass
 .text.USBD_Start
                0x000000000800468c        0xa build/usbd_core.o
                0x000000000800468c                USBD_Start
 .text.USBD_SetClassConfig
                0x0000000008004696       0x1a build/usbd_core.o
                0x0000000008004696                USBD_SetClassConfig
 .text.USBD_ClrClassConfig
                0x00000000080046b0        0xe build/usbd_core.o
                0x00000000080046b0                USBD_ClrClassConfig
 .text.USBD_LL_SetupStage
                0x00000000080046be       0x5a build/usbd_core.o
                0x00000000080046be                USBD_LL_SetupStage
 .text.USBD_LL_DataOutStage
                0x0000000008004718       0x94 build/usbd_core.o
                0x0000000008004718                USBD_LL_DataOutStage
 .text.USBD_LL_DataInStage
                0x00000000080047ac       0xd4 build/usbd_core.o
                0x00000000080047ac                USBD_LL_DataInStage
 .text.USBD_LL_Reset
                0x0000000008004880       0x50 build/usbd_core.o
                0x0000000008004880                USBD_LL_Reset
 .text.USBD_LL_SetSpeed
                0x00000000080048d0        0x6 build/usbd_core.o
                0x00000000080048d0                USBD_LL_SetSpeed
 .text.USBD_LL_Suspend
                0x00000000080048d6       0x12 build/usbd_core.o
                0x00000000080048d6                USBD_LL_Suspend
 .text.USBD_LL_Resume
                0x00000000080048e8       0x16 build/usbd_core.o
                0x00000000080048e8                USBD_LL_Resume
 .text.USBD_LL_SOF
                0x00000000080048fe       0x1c build/usbd_core.o
                0x00000000080048fe                USBD_LL_SOF
 .text.USBD_GetLen
                0x000000000800491a       0x14 build/usbd_ctlreq.o
 .text.USBD_SetFeature
                0x000000000800492e       0x14 build/usbd_ctlreq.o
 .text.USBD_ParseSetupRequest
                0x0000000008004942       0x28 build/usbd_ctlreq.o
                0x0000000008004942                USBD_ParseSetupRequest
 .text.USBD_CtlError
                0x000000000800496a       0x14 build/usbd_ctlreq.o
                0x000000000800496a                USBD_CtlError
 .text.USBD_GetDescriptor
                0x000000000800497e      0x1c6 build/usbd_ctlreq.o
 .text.USBD_SetAddress
                0x0000000008004b44       0x4e build/usbd_ctlreq.o
 *fill*         0x0000000008004b92        0x2 
 .text.USBD_SetConfig
                0x0000000008004b94       0xb0 build/usbd_ctlreq.o
 .text.USBD_GetConfig
                0x0000000008004c44       0x3c build/usbd_ctlreq.o
 .text.USBD_GetStatus
                0x0000000008004c80       0x38 build/usbd_ctlreq.o
 .text.USBD_ClrFeature
                0x0000000008004cb8       0x26 build/usbd_ctlreq.o
 .text.USBD_StdDevReq
                0x0000000008004cde       0x68 build/usbd_ctlreq.o
                0x0000000008004cde                USBD_StdDevReq
 .text.USBD_StdItfReq
                0x0000000008004d46       0x60 build/usbd_ctlreq.o
                0x0000000008004d46                USBD_StdItfReq
 .text.USBD_StdEPReq
                0x0000000008004da6      0x20e build/usbd_ctlreq.o
                0x0000000008004da6                USBD_StdEPReq
 .text.USBD_GetString
                0x0000000008004fb4       0x38 build/usbd_ctlreq.o
                0x0000000008004fb4                USBD_GetString
 .text.USBD_CtlSendData
                0x0000000008004fec       0x1a build/usbd_ioreq.o
                0x0000000008004fec                USBD_CtlSendData
 .text.USBD_CtlContinueSendData
                0x0000000008005006       0x10 build/usbd_ioreq.o
                0x0000000008005006                USBD_CtlContinueSendData
 .text.USBD_CtlPrepareRx
                0x0000000008005016       0x1e build/usbd_ioreq.o
                0x0000000008005016                USBD_CtlPrepareRx
 .text.USBD_CtlContinueRx
                0x0000000008005034       0x10 build/usbd_ioreq.o
                0x0000000008005034                USBD_CtlContinueRx
 .text.USBD_CtlSendStatus
                0x0000000008005044       0x16 build/usbd_ioreq.o
                0x0000000008005044                USBD_CtlSendStatus
 .text.USBD_CtlReceiveStatus
                0x000000000800505a       0x16 build/usbd_ioreq.o
                0x000000000800505a                USBD_CtlReceiveStatus
 .text.USBD_CDC_EP0_RxReady
                0x0000000008005070       0x28 build/usbd_cdc.o
 .text.USBD_CDC_GetFSCfgDesc
                0x0000000008005098        0xc build/usbd_cdc.o
 .text.USBD_CDC_GetHSCfgDesc
                0x00000000080050a4        0xc build/usbd_cdc.o
 .text.USBD_CDC_GetOtherSpeedCfgDesc
                0x00000000080050b0        0xc build/usbd_cdc.o
 .text.USBD_CDC_GetDeviceQualifierDescriptor
                0x00000000080050bc        0xc build/usbd_cdc.o
                0x00000000080050bc                USBD_CDC_GetDeviceQualifierDescriptor
 .text.USBD_CDC_DataOut
                0x00000000080050c8       0x2e build/usbd_cdc.o
 .text.USBD_CDC_DataIn
                0x00000000080050f6       0x4c build/usbd_cdc.o
 .text.USBD_CDC_Setup
                0x0000000008005142       0xda build/usbd_cdc.o
 .text.USBD_CDC_DeInit
                0x000000000800521c       0x42 build/usbd_cdc.o
 .text.USBD_CDC_Init
                0x000000000800525e       0xaa build/usbd_cdc.o
 .text.USBD_CDC_RegisterInterface
                0x0000000008005308        0xe build/usbd_cdc.o
                0x0000000008005308                USBD_CDC_RegisterInterface
 .text.USBD_CDC_SetTxBuffer
                0x0000000008005316       0x10 build/usbd_cdc.o
                0x0000000008005316                USBD_CDC_SetTxBuffer
 .text.USBD_CDC_SetRxBuffer
                0x0000000008005326        0xc build/usbd_cdc.o
                0x0000000008005326                USBD_CDC_SetRxBuffer
 .text.USBD_CDC_TransmitPacket
                0x0000000008005332       0x34 build/usbd_cdc.o
                0x0000000008005332                USBD_CDC_TransmitPacket
 .text.USBD_CDC_ReceivePacket
                0x0000000008005366       0x32 build/usbd_cdc.o
                0x0000000008005366                USBD_CDC_ReceivePacket
 .text.adxl345_i2c_write
                0x0000000008005398       0x26 build/adxl345.o
                0x0000000008005398                adxl345_i2c_write
 .text.adxl345_i2c_read
                0x00000000080053be       0x20 build/adxl345.o
                0x00000000080053be                adxl345_i2c_read
 .text.adxl345_i2c_readmb
                0x00000000080053de       0x3c build/adxl345.o
                0x00000000080053de                adxl345_i2c_readmb
 *fill*         0x000000000800541a        0x2 
 .text.adxl345_i2c_init
                0x000000000800541c       0x2c build/adxl345.o
                0x000000000800541c                adxl345_i2c_init
 .text.adxl345_init
                0x0000000008005448       0xd0 build/adxl345.o
                0x0000000008005448                adxl345_init
 .text.adxl345_get_acc
                0x0000000008005518       0x58 build/adxl345.o
                0x0000000008005518                adxl345_get_acc
 .text.Reset_Handler
                0x0000000008005570       0x48 build/startup_stm32f103xb.o
                0x0000000008005570                Reset_Handler
 .text.Default_Handler
                0x00000000080055b8        0x2 build/startup_stm32f103xb.o
                0x00000000080055b8                RTC_Alarm_IRQHandler
                0x00000000080055b8                EXTI2_IRQHandler
                0x00000000080055b8                TIM1_CC_IRQHandler
                0x00000000080055b8                PVD_IRQHandler
                0x00000000080055b8                EXTI3_IRQHandler
                0x00000000080055b8                EXTI0_IRQHandler
                0x00000000080055b8                I2C2_EV_IRQHandler
                0x00000000080055b8                ADC1_2_IRQHandler
                0x00000000080055b8                SPI1_IRQHandler
                0x00000000080055b8                TAMPER_IRQHandler
                0x00000000080055b8                DMA1_Channel4_IRQHandler
                0x00000000080055b8                USART3_IRQHandler
                0x00000000080055b8                RTC_IRQHandler
                0x00000000080055b8                DMA1_Channel7_IRQHandler
                0x00000000080055b8                CAN1_RX1_IRQHandler
                0x00000000080055b8                TIM4_IRQHandler
                0x00000000080055b8                I2C1_EV_IRQHandler
                0x00000000080055b8                DMA1_Channel6_IRQHandler
                0x00000000080055b8                TIM3_IRQHandler
                0x00000000080055b8                RCC_IRQHandler
                0x00000000080055b8                TIM1_TRG_COM_IRQHandler
                0x00000000080055b8                Default_Handler
                0x00000000080055b8                EXTI15_10_IRQHandler
                0x00000000080055b8                EXTI9_5_IRQHandler
                0x00000000080055b8                SPI2_IRQHandler
                0x00000000080055b8                DMA1_Channel5_IRQHandler
                0x00000000080055b8                EXTI4_IRQHandler
                0x00000000080055b8                USB_HP_CAN1_TX_IRQHandler
                0x00000000080055b8                DMA1_Channel3_IRQHandler
                0x00000000080055b8                TIM1_UP_IRQHandler
                0x00000000080055b8                WWDG_IRQHandler
                0x00000000080055b8                TIM2_IRQHandler
                0x00000000080055b8                TIM1_BRK_IRQHandler
                0x00000000080055b8                EXTI1_IRQHandler
                0x00000000080055b8                USART2_IRQHandler
                0x00000000080055b8                I2C2_ER_IRQHandler
                0x00000000080055b8                DMA1_Channel2_IRQHandler
                0x00000000080055b8                CAN1_SCE_IRQHandler
                0x00000000080055b8                FLASH_IRQHandler
                0x00000000080055b8                USART1_IRQHandler
                0x00000000080055b8                I2C1_ER_IRQHandler
                0x00000000080055b8                USBWakeUp_IRQHandler
 *(.glue_7)
 .glue_7        0x00000000080055ba        0x0 linker stubs
 *(.glue_7t)
 .glue_7t       0x00000000080055ba        0x0 linker stubs
 *(.eh_frame)
 *fill*         0x00000000080055ba        0x2 
 .eh_frame      0x00000000080055bc        0x0 /usr/lib/gcc/arm-none-eabi/6.3.1/thumb/v7-m/crtbegin.o
 *(.init)
 .init          0x00000000080055bc        0x4 /usr/lib/gcc/arm-none-eabi/6.3.1/thumb/v7-m/crti.o
                0x00000000080055bc                _init
 .init          0x00000000080055c0        0x8 /usr/lib/gcc/arm-none-eabi/6.3.1/thumb/v7-m/crtn.o
 *(.fini)
 .fini          0x00000000080055c8        0x4 /usr/lib/gcc/arm-none-eabi/6.3.1/thumb/v7-m/crti.o
                0x00000000080055c8                _fini
 .fini          0x00000000080055cc        0x8 /usr/lib/gcc/arm-none-eabi/6.3.1/thumb/v7-m/crtn.o
                0x00000000080055d4                . = ALIGN (0x4)
                0x00000000080055d4                _etext = .

.vfp11_veneer   0x00000000080055d4        0x0
 .vfp11_veneer  0x00000000080055d4        0x0 linker stubs

.v4_bx          0x00000000080055d4        0x0
 .v4_bx         0x00000000080055d4        0x0 linker stubs

.iplt           0x00000000080055d4        0x0
 .iplt          0x00000000080055d4        0x0 /usr/lib/gcc/arm-none-eabi/6.3.1/thumb/v7-m/crtbegin.o

.rodata         0x00000000080055d4       0xfc
                0x00000000080055d4                . = ALIGN (0x4)
 *(.rodata)
 .rodata        0x00000000080055d4       0x12 build/stm32f1xx_hal_rcc.o
 *(.rodata*)
 *fill*         0x00000000080055e6        0x2 
 .rodata.main.str1.4
                0x00000000080055e8       0x45 build/main.o
 *fill*         0x000000000800562d        0x3 
 .rodata.USBD_FS_ConfigStrDescriptor.str1.4
                0x0000000008005630        0xb build/usbd_desc.o
 *fill*         0x000000000800563b        0x1 
 .rodata.USBD_FS_InterfaceStrDescriptor.str1.4
                0x000000000800563c        0xe build/usbd_desc.o
 *fill*         0x000000000800564a        0x2 
 .rodata.USBD_FS_ManufacturerStrDescriptor.str1.4
                0x000000000800564c       0x13 build/usbd_desc.o
 *fill*         0x000000000800565f        0x1 
 .rodata.USBD_FS_ProductStrDescriptor.str1.4
                0x0000000008005660       0x16 build/usbd_desc.o
 *fill*         0x0000000008005676        0x2 
 .rodata.AHBPrescTable
                0x0000000008005678       0x10 build/system_stm32f1xx.o
                0x0000000008005678                AHBPrescTable
 .rodata.APBPrescTable
                0x0000000008005688        0x8 build/system_stm32f1xx.o
                0x0000000008005688                APBPrescTable
 .rodata.str1.4
                0x0000000008005690        0x2 /usr/lib/gcc/arm-none-eabi/6.3.1/../../../arm-none-eabi/lib/thumb/v7-m/libc_nano.a(lib_a-impure.o)
 *fill*         0x0000000008005692        0x2 
 .rodata.str1.4
                0x0000000008005694       0x13 /usr/lib/gcc/arm-none-eabi/6.3.1/../../../arm-none-eabi/lib/thumb/v7-m/libc_nano.a(lib_a-nano-svfprintf.o)
 *fill*         0x00000000080056a7        0x1 
 .rodata.str1.4
                0x00000000080056a8       0x28 /usr/lib/gcc/arm-none-eabi/6.3.1/../../../arm-none-eabi/lib/thumb/v7-m/libc_nano.a(lib_a-nano-vfprintf_i.o)
                                         0x25 (size before relaxing)
                0x00000000080056d0                . = ALIGN (0x4)

.rel.dyn        0x00000000080056d0        0x0
 .rel.iplt      0x00000000080056d0        0x0 /usr/lib/gcc/arm-none-eabi/6.3.1/thumb/v7-m/crtbegin.o

.ARM.extab
 *(.ARM.extab* .gnu.linkonce.armextab.*)

.ARM            0x00000000080056d0        0x0
                0x00000000080056d0                __exidx_start = .
 *(.ARM.exidx*)
                0x00000000080056d0                __exidx_end = .

.preinit_array  0x00000000080056d0        0x0
                0x00000000080056d0                PROVIDE (__preinit_array_start, .)
 *(.preinit_array*)
                0x00000000080056d0                PROVIDE (__preinit_array_end, .)

.init_array     0x00000000080056d0        0x4
                0x00000000080056d0                PROVIDE (__init_array_start, .)
 *(SORT(.init_array.*))
 *(.init_array*)
 .init_array    0x00000000080056d0        0x4 /usr/lib/gcc/arm-none-eabi/6.3.1/thumb/v7-m/crtbegin.o
                0x00000000080056d4                PROVIDE (__init_array_end, .)

.fini_array     0x00000000080056d4        0x4
                0x00000000080056d4                PROVIDE (__fini_array_start, .)
 *(SORT(.fini_array.*))
 *(.fini_array*)
 .fini_array    0x00000000080056d4        0x4 /usr/lib/gcc/arm-none-eabi/6.3.1/thumb/v7-m/crtbegin.o
                0x00000000080056d8                PROVIDE (__fini_array_end, .)
                0x00000000080056d8                _sidata = LOADADDR (.data)

.data           0x0000000020000000      0x1e0 load address 0x00000000080056d8
                0x0000000020000000                . = ALIGN (0x4)
                0x0000000020000000                _sdata = .
 *(.data)
 .data          0x0000000020000000       0x64 /usr/lib/gcc/arm-none-eabi/6.3.1/../../../arm-none-eabi/lib/thumb/v7-m/libc_nano.a(lib_a-impure.o)
                0x0000000020000000                _impure_ptr
 *(.data*)
 .data.FS_Desc  0x0000000020000064       0x1c build/usbd_desc.o
                0x0000000020000064                FS_Desc
 .data.USBD_FS_DeviceDesc
                0x0000000020000080       0x12 build/usbd_desc.o
                0x0000000020000080                USBD_FS_DeviceDesc
 *fill*         0x0000000020000092        0x2 
 .data.USBD_LangIDDesc
                0x0000000020000094        0x4 build/usbd_desc.o
                0x0000000020000094                USBD_LangIDDesc
 .data.USBD_StringSerial
                0x0000000020000098       0x1a build/usbd_desc.o
                0x0000000020000098                USBD_StringSerial
 *fill*         0x00000000200000b2        0x2 
 .data.USBD_Interface_fops_FS
                0x00000000200000b4       0x10 build/usbd_cdc_if.o
                0x00000000200000b4                USBD_Interface_fops_FS
 .data.uwTickFreq
                0x00000000200000c4        0x1 build/stm32f1xx_hal.o
                0x00000000200000c4                uwTickFreq
 *fill*         0x00000000200000c5        0x3 
 .data.uwTickPrio
                0x00000000200000c8        0x4 build/stm32f1xx_hal.o
                0x00000000200000c8                uwTickPrio
 .data.SystemCoreClock
                0x00000000200000cc        0x4 build/system_stm32f1xx.o
                0x00000000200000cc                SystemCoreClock
 .data.USBD_CDC
                0x00000000200000d0       0x38 build/usbd_cdc.o
                0x00000000200000d0                USBD_CDC
 .data.USBD_CDC_CfgFSDesc
                0x0000000020000108       0x43 build/usbd_cdc.o
                0x0000000020000108                USBD_CDC_CfgFSDesc
 *fill*         0x000000002000014b        0x1 
 .data.USBD_CDC_CfgHSDesc
                0x000000002000014c       0x43 build/usbd_cdc.o
                0x000000002000014c                USBD_CDC_CfgHSDesc
 *fill*         0x000000002000018f        0x1 
 .data.USBD_CDC_DeviceQualifierDesc
                0x0000000020000190        0xa build/usbd_cdc.o
 *fill*         0x000000002000019a        0x2 
 .data.USBD_CDC_OtherSpeedCfgDesc
                0x000000002000019c       0x43 build/usbd_cdc.o
                0x000000002000019c                USBD_CDC_OtherSpeedCfgDesc
                0x00000000200001e0                . = ALIGN (0x4)
 *fill*         0x00000000200001df        0x1 
                0x00000000200001e0                _edata = .

.jcr            0x00000000200001e0        0x0 load address 0x00000000080058b8
 .jcr           0x00000000200001e0        0x0 /usr/lib/gcc/arm-none-eabi/6.3.1/thumb/v7-m/crtbegin.o

.tm_clone_table
                0x00000000200001e0        0x0 load address 0x00000000080058b8
 .tm_clone_table
                0x00000000200001e0        0x0 /usr/lib/gcc/arm-none-eabi/6.3.1/thumb/v7-m/crtbegin.o
 .tm_clone_table
                0x00000000200001e0        0x0 /usr/lib/gcc/arm-none-eabi/6.3.1/thumb/v7-m/crtend.o

.igot.plt       0x00000000200001e0        0x0 load address 0x00000000080058b8
 .igot.plt      0x00000000200001e0        0x0 /usr/lib/gcc/arm-none-eabi/6.3.1/thumb/v7-m/crtbegin.o
                0x00000000200001e0                . = ALIGN (0x4)

.bss            0x00000000200001e0     0x1374 load address 0x00000000080058b8
                0x00000000200001e0                _sbss = .
                0x00000000200001e0                __bss_start__ = _sbss
 *(.bss)
 .bss           0x00000000200001e0       0x1c /usr/lib/gcc/arm-none-eabi/6.3.1/thumb/v7-m/crtbegin.o
 .bss           0x00000000200001fc        0x8 /usr/lib/gcc/arm-none-eabi/6.3.1/../../../arm-none-eabi/lib/thumb/v7-m/libc_nano.a(lib_a-nano-mallocr.o)
                0x00000000200001fc                __malloc_free_list
                0x0000000020000200                __malloc_sbrk_start
 .bss           0x0000000020000204        0x4 /usr/lib/gcc/arm-none-eabi/6.3.1/../../../arm-none-eabi/lib/thumb/v7-m/libnosys.a(sbrk.o)
 *(.bss*)
 .bss.strbuf.8113
                0x0000000020000208      0x100 build/main.o
 .bss.mem.8126  0x0000000020000308      0x220 build/usbd_conf.o
 .bss.cfgidx.8061
                0x0000000020000528        0x1 build/usbd_ctlreq.o
 *(COMMON)
 *fill*         0x0000000020000529        0x3 
 COMMON         0x000000002000052c       0x74 build/adc.o
                0x000000002000052c                hadc1
                0x000000002000055c                hdma_adc1
 COMMON         0x00000000200005a0       0x54 build/i2c.o
                0x00000000200005a0                hi2c1
 COMMON         0x00000000200005f4       0x58 build/spi.o
                0x00000000200005f4                hspi2
 COMMON         0x000000002000064c      0x2c4 build/usb_device.o
                0x000000002000064c                hUsbDeviceFS
 COMMON         0x0000000020000910      0x26c build/usbd_conf.o
                0x0000000020000910                hpcd_USB_FS
 COMMON         0x0000000020000b7c      0x200 build/usbd_desc.o
                0x0000000020000b7c                USBD_StrDesc
 COMMON         0x0000000020000d7c      0x7d0 build/usbd_cdc_if.o
                0x0000000020000d7c                UserRxBufferFS
                0x0000000020001164                UserTxBufferFS
 COMMON         0x000000002000154c        0x4 build/stm32f1xx_hal.o
                0x000000002000154c                uwTick
 COMMON         0x0000000020001550        0x4 /usr/lib/gcc/arm-none-eabi/6.3.1/../../../arm-none-eabi/lib/thumb/v7-m/libc_nano.a(lib_a-reent.o)
                0x0000000020001550                errno
                0x0000000020001554                . = ALIGN (0x4)
                0x0000000020001554                _ebss = .
                0x0000000020001554                __bss_end__ = _ebss

._user_heap_stack
                0x0000000020001554      0x604 load address 0x00000000080058b8
                0x0000000020001558                . = ALIGN (0x8)
 *fill*         0x0000000020001554        0x4 
                0x0000000020001558                PROVIDE (end, .)
                [!provide]                        PROVIDE (_end, .)
                0x0000000020001758                . = (. + _Min_Heap_Size)
 *fill*         0x0000000020001558      0x200 
                0x0000000020001b58                . = (. + _Min_Stack_Size)
 *fill*         0x0000000020001758      0x400 
                0x0000000020001b58                . = ALIGN (0x8)

/DISCARD/
 libc.a(*)
 libm.a(*)
 libgcc.a(*)

.ARM.attributes
                0x0000000000000000       0x29
 *(.ARM.attributes)
 .ARM.attributes
                0x0000000000000000       0x1d /usr/lib/gcc/arm-none-eabi/6.3.1/thumb/v7-m/crti.o
 .ARM.attributes
                0x000000000000001d       0x2d /usr/lib/gcc/arm-none-eabi/6.3.1/thumb/v7-m/crtbegin.o
 .ARM.attributes
                0x000000000000004a       0x33 build/main.o
 .ARM.attributes
                0x000000000000007d       0x33 build/gpio.o
 .ARM.attributes
                0x00000000000000b0       0x33 build/adc.o
 .ARM.attributes
                0x00000000000000e3       0x33 build/dma.o
 .ARM.attributes
                0x0000000000000116       0x33 build/i2c.o
 .ARM.attributes
                0x0000000000000149       0x33 build/spi.o
 .ARM.attributes
                0x000000000000017c       0x33 build/usb_device.o
 .ARM.attributes
                0x00000000000001af       0x33 build/usbd_conf.o
 .ARM.attributes
                0x00000000000001e2       0x33 build/usbd_desc.o
 .ARM.attributes
                0x0000000000000215       0x33 build/usbd_cdc_if.o
 .ARM.attributes
                0x0000000000000248       0x33 build/stm32f1xx_it.o
 .ARM.attributes
                0x000000000000027b       0x33 build/stm32f1xx_hal_msp.o
 .ARM.attributes
                0x00000000000002ae       0x33 build/stm32f1xx_hal_pcd.o
 .ARM.attributes
                0x00000000000002e1       0x33 build/stm32f1xx_hal_pcd_ex.o
 .ARM.attributes
                0x0000000000000314       0x33 build/stm32f1xx_ll_usb.o
 .ARM.attributes
                0x0000000000000347       0x33 build/stm32f1xx_hal.o
 .ARM.attributes
                0x000000000000037a       0x33 build/stm32f1xx_hal_rcc.o
 .ARM.attributes
                0x00000000000003ad       0x33 build/stm32f1xx_hal_rcc_ex.o
 .ARM.attributes
                0x00000000000003e0       0x33 build/stm32f1xx_hal_gpio.o
 .ARM.attributes
                0x0000000000000413       0x33 build/stm32f1xx_hal_dma.o
 .ARM.attributes
                0x0000000000000446       0x33 build/stm32f1xx_hal_cortex.o
 .ARM.attributes
                0x0000000000000479       0x33 build/stm32f1xx_hal_adc.o
 .ARM.attributes
                0x00000000000004ac       0x33 build/stm32f1xx_hal_i2c.o
 .ARM.attributes
                0x00000000000004df       0x33 build/stm32f1xx_hal_spi.o
 .ARM.attributes
                0x0000000000000512       0x33 build/system_stm32f1xx.o
 .ARM.attributes
                0x0000000000000545       0x33 build/usbd_core.o
 .ARM.attributes
                0x0000000000000578       0x33 build/usbd_ctlreq.o
 .ARM.attributes
                0x00000000000005ab       0x33 build/usbd_ioreq.o
 .ARM.attributes
                0x00000000000005de       0x33 build/usbd_cdc.o
 .ARM.attributes
                0x0000000000000611       0x33 build/adxl345.o
 .ARM.attributes
                0x0000000000000644       0x21 build/startup_stm32f103xb.o
 .ARM.attributes
                0x0000000000000665       0x2d /usr/lib/gcc/arm-none-eabi/6.3.1/../../../arm-none-eabi/lib/thumb/v7-m/libc_nano.a(lib_a-impure.o)
 .ARM.attributes
                0x0000000000000692       0x2d /usr/lib/gcc/arm-none-eabi/6.3.1/../../../arm-none-eabi/lib/thumb/v7-m/libc_nano.a(lib_a-init.o)
 .ARM.attributes
                0x00000000000006bf       0x2d /usr/lib/gcc/arm-none-eabi/6.3.1/../../../arm-none-eabi/lib/thumb/v7-m/libc_nano.a(lib_a-memset.o)
 .ARM.attributes
                0x00000000000006ec       0x2d /usr/lib/gcc/arm-none-eabi/6.3.1/../../../arm-none-eabi/lib/thumb/v7-m/libc_nano.a(lib_a-snprintf.o)
 .ARM.attributes
                0x0000000000000719       0x2d /usr/lib/gcc/arm-none-eabi/6.3.1/../../../arm-none-eabi/lib/thumb/v7-m/libc_nano.a(lib_a-strlen-stub.o)
 .ARM.attributes
                0x0000000000000746       0x2d /usr/lib/gcc/arm-none-eabi/6.3.1/../../../arm-none-eabi/lib/thumb/v7-m/libc_nano.a(lib_a-nano-svfprintf.o)
 .ARM.attributes
                0x0000000000000773       0x2d /usr/lib/gcc/arm-none-eabi/6.3.1/../../../arm-none-eabi/lib/thumb/v7-m/libc_nano.a(lib_a-nano-vfprintf_i.o)
 .ARM.attributes
                0x00000000000007a0       0x2d /usr/lib/gcc/arm-none-eabi/6.3.1/../../../arm-none-eabi/lib/thumb/v7-m/libc_nano.a(lib_a-memchr-stub.o)
 .ARM.attributes
                0x00000000000007cd       0x1b /usr/lib/gcc/arm-none-eabi/6.3.1/../../../arm-none-eabi/lib/thumb/v7-m/libc_nano.a(lib_a-memcpy.o)
 .ARM.attributes
                0x00000000000007e8       0x2d /usr/lib/gcc/arm-none-eabi/6.3.1/../../../arm-none-eabi/lib/thumb/v7-m/libc_nano.a(lib_a-memmove.o)
 .ARM.attributes
                0x0000000000000815       0x2d /usr/lib/gcc/arm-none-eabi/6.3.1/../../../arm-none-eabi/lib/thumb/v7-m/libc_nano.a(lib_a-nano-freer.o)
 .ARM.attributes
                0x0000000000000842       0x2d /usr/lib/gcc/arm-none-eabi/6.3.1/../../../arm-none-eabi/lib/thumb/v7-m/libc_nano.a(lib_a-nano-mallocr.o)
 .ARM.attributes
                0x000000000000086f       0x2d /usr/lib/gcc/arm-none-eabi/6.3.1/../../../arm-none-eabi/lib/thumb/v7-m/libc_nano.a(lib_a-nano-reallocr.o)
 .ARM.attributes
                0x000000000000089c       0x2d /usr/lib/gcc/arm-none-eabi/6.3.1/../../../arm-none-eabi/lib/thumb/v7-m/libc_nano.a(lib_a-sbrkr.o)
 .ARM.attributes
                0x00000000000008c9       0x2d /usr/lib/gcc/arm-none-eabi/6.3.1/../../../arm-none-eabi/lib/thumb/v7-m/libc_nano.a(lib_a-nano-msizer.o)
 .ARM.attributes
                0x00000000000008f6       0x2d /usr/lib/gcc/arm-none-eabi/6.3.1/../../../arm-none-eabi/lib/thumb/v7-m/libc_nano.a(lib_a-reent.o)
 .ARM.attributes
                0x0000000000000923       0x2d /usr/lib/gcc/arm-none-eabi/6.3.1/../../../arm-none-eabi/lib/thumb/v7-m/libnosys.a(sbrk.o)
 .ARM.attributes
                0x0000000000000950       0x2d /usr/lib/gcc/arm-none-eabi/6.3.1/thumb/v7-m/crtend.o
 .ARM.attributes
                0x000000000000097d       0x1d /usr/lib/gcc/arm-none-eabi/6.3.1/thumb/v7-m/crtn.o
OUTPUT(build/adxl345.elf elf32-littlearm)

.comment        0x0000000000000000       0x31
 .comment       0x0000000000000000       0x31 /usr/lib/gcc/arm-none-eabi/6.3.1/thumb/v7-m/crtbegin.o
                                         0x32 (size before relaxing)
 .comment       0x0000000000000031       0x32 build/main.o
 .comment       0x0000000000000031       0x32 build/gpio.o
 .comment       0x0000000000000031       0x32 build/adc.o
 .comment       0x0000000000000031       0x32 build/dma.o
 .comment       0x0000000000000031       0x32 build/i2c.o
 .comment       0x0000000000000031       0x32 build/spi.o
 .comment       0x0000000000000031       0x32 build/usb_device.o
 .comment       0x0000000000000031       0x32 build/usbd_conf.o
 .comment       0x0000000000000031       0x32 build/usbd_desc.o
 .comment       0x0000000000000031       0x32 build/usbd_cdc_if.o
 .comment       0x0000000000000031       0x32 build/stm32f1xx_it.o
 .comment       0x0000000000000031       0x32 build/stm32f1xx_hal_msp.o
 .comment       0x0000000000000031       0x32 build/stm32f1xx_hal_pcd.o
 .comment       0x0000000000000031       0x32 build/stm32f1xx_hal_pcd_ex.o
 .comment       0x0000000000000031       0x32 build/stm32f1xx_ll_usb.o
 .comment       0x0000000000000031       0x32 build/stm32f1xx_hal.o
 .comment       0x0000000000000031       0x32 build/stm32f1xx_hal_rcc.o
 .comment       0x0000000000000031       0x32 build/stm32f1xx_hal_rcc_ex.o
 .comment       0x0000000000000031       0x32 build/stm32f1xx_hal_gpio.o
 .comment       0x0000000000000031       0x32 build/stm32f1xx_hal_dma.o
 .comment       0x0000000000000031       0x32 build/stm32f1xx_hal_cortex.o
 .comment       0x0000000000000031       0x32 build/stm32f1xx_hal_adc.o
 .comment       0x0000000000000031       0x32 build/stm32f1xx_hal_i2c.o
 .comment       0x0000000000000031       0x32 build/stm32f1xx_hal_spi.o
 .comment       0x0000000000000031       0x32 build/system_stm32f1xx.o
 .comment       0x0000000000000031       0x32 build/usbd_core.o
 .comment       0x0000000000000031       0x32 build/usbd_ctlreq.o
 .comment       0x0000000000000031       0x32 build/usbd_ioreq.o
 .comment       0x0000000000000031       0x32 build/usbd_cdc.o
 .comment       0x0000000000000031       0x32 build/adxl345.o
 .comment       0x0000000000000031       0x32 /usr/lib/gcc/arm-none-eabi/6.3.1/../../../arm-none-eabi/lib/thumb/v7-m/libc_nano.a(lib_a-impure.o)
 .comment       0x0000000000000031       0x32 /usr/lib/gcc/arm-none-eabi/6.3.1/../../../arm-none-eabi/lib/thumb/v7-m/libc_nano.a(lib_a-init.o)
 .comment       0x0000000000000031       0x32 /usr/lib/gcc/arm-none-eabi/6.3.1/../../../arm-none-eabi/lib/thumb/v7-m/libc_nano.a(lib_a-memset.o)
 .comment       0x0000000000000031       0x32 /usr/lib/gcc/arm-none-eabi/6.3.1/../../../arm-none-eabi/lib/thumb/v7-m/libc_nano.a(lib_a-snprintf.o)
 .comment       0x0000000000000031       0x32 /usr/lib/gcc/arm-none-eabi/6.3.1/../../../arm-none-eabi/lib/thumb/v7-m/libc_nano.a(lib_a-strlen-stub.o)
 .comment       0x0000000000000031       0x32 /usr/lib/gcc/arm-none-eabi/6.3.1/../../../arm-none-eabi/lib/thumb/v7-m/libc_nano.a(lib_a-nano-svfprintf.o)
 .comment       0x0000000000000031       0x32 /usr/lib/gcc/arm-none-eabi/6.3.1/../../../arm-none-eabi/lib/thumb/v7-m/libc_nano.a(lib_a-nano-vfprintf_i.o)
 .comment       0x0000000000000031       0x32 /usr/lib/gcc/arm-none-eabi/6.3.1/../../../arm-none-eabi/lib/thumb/v7-m/libc_nano.a(lib_a-memchr-stub.o)
 .comment       0x0000000000000031       0x32 /usr/lib/gcc/arm-none-eabi/6.3.1/../../../arm-none-eabi/lib/thumb/v7-m/libc_nano.a(lib_a-memmove.o)
 .comment       0x0000000000000031       0x32 /usr/lib/gcc/arm-none-eabi/6.3.1/../../../arm-none-eabi/lib/thumb/v7-m/libc_nano.a(lib_a-nano-freer.o)
 .comment       0x0000000000000031       0x32 /usr/lib/gcc/arm-none-eabi/6.3.1/../../../arm-none-eabi/lib/thumb/v7-m/libc_nano.a(lib_a-nano-mallocr.o)
 .comment       0x0000000000000031       0x32 /usr/lib/gcc/arm-none-eabi/6.3.1/../../../arm-none-eabi/lib/thumb/v7-m/libc_nano.a(lib_a-nano-reallocr.o)
 .comment       0x0000000000000031       0x32 /usr/lib/gcc/arm-none-eabi/6.3.1/../../../arm-none-eabi/lib/thumb/v7-m/libc_nano.a(lib_a-sbrkr.o)
 .comment       0x0000000000000031       0x32 /usr/lib/gcc/arm-none-eabi/6.3.1/../../../arm-none-eabi/lib/thumb/v7-m/libc_nano.a(lib_a-nano-msizer.o)
 .comment       0x0000000000000031       0x32 /usr/lib/gcc/arm-none-eabi/6.3.1/../../../arm-none-eabi/lib/thumb/v7-m/libc_nano.a(lib_a-reent.o)
 .comment       0x0000000000000031       0x32 /usr/lib/gcc/arm-none-eabi/6.3.1/../../../arm-none-eabi/lib/thumb/v7-m/libnosys.a(sbrk.o)
 .comment       0x0000000000000031       0x32 /usr/lib/gcc/arm-none-eabi/6.3.1/thumb/v7-m/crtend.o

.debug_info     0x0000000000000000    0x2837d
 .debug_info    0x0000000000000000     0x2027 build/main.o
 .debug_info    0x0000000000002027      0x28a build/gpio.o
 .debug_info    0x00000000000022b1      0xa48 build/adc.o
 .debug_info    0x0000000000002cf9      0x3e7 build/dma.o
 .debug_info    0x00000000000030e0      0x98c build/i2c.o
 .debug_info    0x0000000000003a6c      0x95c build/spi.o
 .debug_info    0x00000000000043c8     0x10a4 build/usb_device.o
 .debug_info    0x000000000000546c     0x24ab build/usbd_conf.o
 .debug_info    0x0000000000007917      0xf6e build/usbd_desc.o
 .debug_info    0x0000000000008885     0x1289 build/usbd_cdc_if.o
 .debug_info    0x0000000000009b0e      0x9bb build/stm32f1xx_it.o
 .debug_info    0x000000000000a4c9      0x2ff build/stm32f1xx_hal_msp.o
 .debug_info    0x000000000000a7c8     0x142d build/stm32f1xx_hal_pcd.o
 .debug_info    0x000000000000bbf5      0x7f3 build/stm32f1xx_hal_pcd_ex.o
 .debug_info    0x000000000000c3e8     0x16b0 build/stm32f1xx_ll_usb.o
 .debug_info    0x000000000000da98      0x85b build/stm32f1xx_hal.o
 .debug_info    0x000000000000e2f3      0xa9d build/stm32f1xx_hal_rcc.o
 .debug_info    0x000000000000ed90      0x4cd build/stm32f1xx_hal_rcc_ex.o
 .debug_info    0x000000000000f25d      0x704 build/stm32f1xx_hal_gpio.o
 .debug_info    0x000000000000f961      0x8ba build/stm32f1xx_hal_dma.o
 .debug_info    0x000000000001021b      0xd5a build/stm32f1xx_hal_cortex.o
 .debug_info    0x0000000000010f75      0xf6b build/stm32f1xx_hal_adc.o
 .debug_info    0x0000000000011ee0     0x356e build/stm32f1xx_hal_i2c.o
 .debug_info    0x000000000001544e     0x1c44 build/stm32f1xx_hal_spi.o
 .debug_info    0x0000000000017092      0x48e build/system_stm32f1xx.o
 .debug_info    0x0000000000017520     0x16fe build/usbd_core.o
 .debug_info    0x0000000000018c1e     0x1a15 build/usbd_ctlreq.o
 .debug_info    0x000000000001a633     0x119d build/usbd_ioreq.o
 .debug_info    0x000000000001b7d0     0x1d22 build/usbd_cdc.o
 .debug_info    0x000000000001d4f2     0x1352 build/adxl345.o
 .debug_info    0x000000000001e844       0x51 build/startup_stm32f103xb.o
 .debug_info    0x000000000001e895      0x8a0 /usr/lib/gcc/arm-none-eabi/6.3.1/../../../arm-none-eabi/lib/thumb/v7-m/libc_nano.a(lib_a-impure.o)
 .debug_info    0x000000000001f135      0x110 /usr/lib/gcc/arm-none-eabi/6.3.1/../../../arm-none-eabi/lib/thumb/v7-m/libc_nano.a(lib_a-init.o)
 .debug_info    0x000000000001f245      0x916 /usr/lib/gcc/arm-none-eabi/6.3.1/../../../arm-none-eabi/lib/thumb/v7-m/libc_nano.a(lib_a-memset.o)
 .debug_info    0x000000000001fb5b      0xc76 /usr/lib/gcc/arm-none-eabi/6.3.1/../../../arm-none-eabi/lib/thumb/v7-m/libc_nano.a(lib_a-snprintf.o)
 .debug_info    0x00000000000207d1      0x8b1 /usr/lib/gcc/arm-none-eabi/6.3.1/../../../arm-none-eabi/lib/thumb/v7-m/libc_nano.a(lib_a-strlen-stub.o)
 .debug_info    0x0000000000021082     0x11b2 /usr/lib/gcc/arm-none-eabi/6.3.1/../../../arm-none-eabi/lib/thumb/v7-m/libc_nano.a(lib_a-nano-svfprintf.o)
 .debug_info    0x0000000000022234      0xfb4 /usr/lib/gcc/arm-none-eabi/6.3.1/../../../arm-none-eabi/lib/thumb/v7-m/libc_nano.a(lib_a-nano-vfprintf_i.o)
 .debug_info    0x00000000000231e8      0x930 /usr/lib/gcc/arm-none-eabi/6.3.1/../../../arm-none-eabi/lib/thumb/v7-m/libc_nano.a(lib_a-memchr-stub.o)
 .debug_info    0x0000000000023b18       0xcd /usr/lib/gcc/arm-none-eabi/6.3.1/../../../arm-none-eabi/lib/thumb/v7-m/libc_nano.a(lib_a-memcpy.o)
 .debug_info    0x0000000000023be5      0x925 /usr/lib/gcc/arm-none-eabi/6.3.1/../../../arm-none-eabi/lib/thumb/v7-m/libc_nano.a(lib_a-memmove.o)
 .debug_info    0x000000000002450a      0xa51 /usr/lib/gcc/arm-none-eabi/6.3.1/../../../arm-none-eabi/lib/thumb/v7-m/libc_nano.a(lib_a-nano-freer.o)
 .debug_info    0x0000000000024f5b      0xb1f /usr/lib/gcc/arm-none-eabi/6.3.1/../../../arm-none-eabi/lib/thumb/v7-m/libc_nano.a(lib_a-nano-mallocr.o)
 .debug_info    0x0000000000025a7a      0xac0 /usr/lib/gcc/arm-none-eabi/6.3.1/../../../arm-none-eabi/lib/thumb/v7-m/libc_nano.a(lib_a-nano-reallocr.o)
 .debug_info    0x000000000002653a      0x955 /usr/lib/gcc/arm-none-eabi/6.3.1/../../../arm-none-eabi/lib/thumb/v7-m/libc_nano.a(lib_a-sbrkr.o)
 .debug_info    0x0000000000026e8f      0x9f7 /usr/lib/gcc/arm-none-eabi/6.3.1/../../../arm-none-eabi/lib/thumb/v7-m/libc_nano.a(lib_a-nano-msizer.o)
 .debug_info    0x0000000000027886      0xa67 /usr/lib/gcc/arm-none-eabi/6.3.1/../../../arm-none-eabi/lib/thumb/v7-m/libc_nano.a(lib_a-reent.o)
 .debug_info    0x00000000000282ed       0x90 /usr/lib/gcc/arm-none-eabi/6.3.1/../../../arm-none-eabi/lib/thumb/v7-m/libnosys.a(sbrk.o)

.debug_abbrev   0x0000000000000000     0x5e71
 .debug_abbrev  0x0000000000000000      0x27d build/main.o
 .debug_abbrev  0x000000000000027d      0x106 build/gpio.o
 .debug_abbrev  0x0000000000000383      0x1ce build/adc.o
 .debug_abbrev  0x0000000000000551      0x13e build/dma.o
 .debug_abbrev  0x000000000000068f      0x1c8 build/i2c.o
 .debug_abbrev  0x0000000000000857      0x1c8 build/spi.o
 .debug_abbrev  0x0000000000000a1f      0x1f3 build/usb_device.o
 .debug_abbrev  0x0000000000000c12      0x344 build/usbd_conf.o
 .debug_abbrev  0x0000000000000f56      0x2d5 build/usbd_desc.o
 .debug_abbrev  0x000000000000122b      0x2ba build/usbd_cdc_if.o
 .debug_abbrev  0x00000000000014e5      0x181 build/stm32f1xx_it.o
 .debug_abbrev  0x0000000000001666      0x106 build/stm32f1xx_hal_msp.o
 .debug_abbrev  0x000000000000176c      0x2af build/stm32f1xx_hal_pcd.o
 .debug_abbrev  0x0000000000001a1b      0x185 build/stm32f1xx_hal_pcd_ex.o
 .debug_abbrev  0x0000000000001ba0      0x26f build/stm32f1xx_ll_usb.o
 .debug_abbrev  0x0000000000001e0f      0x1fc build/stm32f1xx_hal.o
 .debug_abbrev  0x000000000000200b      0x270 build/stm32f1xx_hal_rcc.o
 .debug_abbrev  0x000000000000227b      0x1c7 build/stm32f1xx_hal_rcc_ex.o
 .debug_abbrev  0x0000000000002442      0x211 build/stm32f1xx_hal_gpio.o
 .debug_abbrev  0x0000000000002653      0x247 build/stm32f1xx_hal_dma.o
 .debug_abbrev  0x000000000000289a      0x316 build/stm32f1xx_hal_cortex.o
 .debug_abbrev  0x0000000000002bb0      0x231 build/stm32f1xx_hal_adc.o
 .debug_abbrev  0x0000000000002de1      0x2e8 build/stm32f1xx_hal_i2c.o
 .debug_abbrev  0x00000000000030c9      0x284 build/stm32f1xx_hal_spi.o
 .debug_abbrev  0x000000000000334d      0x131 build/system_stm32f1xx.o
 .debug_abbrev  0x000000000000347e      0x2d7 build/usbd_core.o
 .debug_abbrev  0x0000000000003755      0x31a build/usbd_ctlreq.o
 .debug_abbrev  0x0000000000003a6f      0x1ec build/usbd_ioreq.o
 .debug_abbrev  0x0000000000003c5b      0x330 build/usbd_cdc.o
 .debug_abbrev  0x0000000000003f8b      0x256 build/adxl345.o
 .debug_abbrev  0x00000000000041e1       0x12 build/startup_stm32f103xb.o
 .debug_abbrev  0x00000000000041f3      0x153 /usr/lib/gcc/arm-none-eabi/6.3.1/../../../arm-none-eabi/lib/thumb/v7-m/libc_nano.a(lib_a-impure.o)
 .debug_abbrev  0x0000000000004346       0xba /usr/lib/gcc/arm-none-eabi/6.3.1/../../../arm-none-eabi/lib/thumb/v7-m/libc_nano.a(lib_a-init.o)
 .debug_abbrev  0x0000000000004400      0x197 /usr/lib/gcc/arm-none-eabi/6.3.1/../../../arm-none-eabi/lib/thumb/v7-m/libc_nano.a(lib_a-memset.o)
 .debug_abbrev  0x0000000000004597      0x247 /usr/lib/gcc/arm-none-eabi/6.3.1/../../../arm-none-eabi/lib/thumb/v7-m/libc_nano.a(lib_a-snprintf.o)
 .debug_abbrev  0x00000000000047de      0x168 /usr/lib/gcc/arm-none-eabi/6.3.1/../../../arm-none-eabi/lib/thumb/v7-m/libc_nano.a(lib_a-strlen-stub.o)
 .debug_abbrev  0x0000000000004946      0x2d7 /usr/lib/gcc/arm-none-eabi/6.3.1/../../../arm-none-eabi/lib/thumb/v7-m/libc_nano.a(lib_a-nano-svfprintf.o)
 .debug_abbrev  0x0000000000004c1d      0x27c /usr/lib/gcc/arm-none-eabi/6.3.1/../../../arm-none-eabi/lib/thumb/v7-m/libc_nano.a(lib_a-nano-vfprintf_i.o)
 .debug_abbrev  0x0000000000004e99      0x19c /usr/lib/gcc/arm-none-eabi/6.3.1/../../../arm-none-eabi/lib/thumb/v7-m/libc_nano.a(lib_a-memchr-stub.o)
 .debug_abbrev  0x0000000000005035       0x14 /usr/lib/gcc/arm-none-eabi/6.3.1/../../../arm-none-eabi/lib/thumb/v7-m/libc_nano.a(lib_a-memcpy.o)
 .debug_abbrev  0x0000000000005049      0x19c /usr/lib/gcc/arm-none-eabi/6.3.1/../../../arm-none-eabi/lib/thumb/v7-m/libc_nano.a(lib_a-memmove.o)
 .debug_abbrev  0x00000000000051e5      0x1ef /usr/lib/gcc/arm-none-eabi/6.3.1/../../../arm-none-eabi/lib/thumb/v7-m/libc_nano.a(lib_a-nano-freer.o)
 .debug_abbrev  0x00000000000053d4      0x274 /usr/lib/gcc/arm-none-eabi/6.3.1/../../../arm-none-eabi/lib/thumb/v7-m/libc_nano.a(lib_a-nano-mallocr.o)
 .debug_abbrev  0x0000000000005648      0x1ee /usr/lib/gcc/arm-none-eabi/6.3.1/../../../arm-none-eabi/lib/thumb/v7-m/libc_nano.a(lib_a-nano-reallocr.o)
 .debug_abbrev  0x0000000000005836      0x1d6 /usr/lib/gcc/arm-none-eabi/6.3.1/../../../arm-none-eabi/lib/thumb/v7-m/libc_nano.a(lib_a-sbrkr.o)
 .debug_abbrev  0x0000000000005a0c      0x1ab /usr/lib/gcc/arm-none-eabi/6.3.1/../../../arm-none-eabi/lib/thumb/v7-m/libc_nano.a(lib_a-nano-msizer.o)
 .debug_abbrev  0x0000000000005bb7      0x228 /usr/lib/gcc/arm-none-eabi/6.3.1/../../../arm-none-eabi/lib/thumb/v7-m/libc_nano.a(lib_a-reent.o)
 .debug_abbrev  0x0000000000005ddf       0x92 /usr/lib/gcc/arm-none-eabi/6.3.1/../../../arm-none-eabi/lib/thumb/v7-m/libnosys.a(sbrk.o)

.debug_loc      0x0000000000000000    0x113e4
 .debug_loc     0x0000000000000000       0xeb build/main.o
 .debug_loc     0x00000000000000eb       0x2c build/gpio.o
 .debug_loc     0x0000000000000117      0x10b build/adc.o
 .debug_loc     0x0000000000000222       0x38 build/dma.o
 .debug_loc     0x000000000000025a       0xf8 build/i2c.o
 .debug_loc     0x0000000000000352       0xf8 build/spi.o
 .debug_loc     0x000000000000044a       0x20 build/usb_device.o
 .debug_loc     0x000000000000046a      0xd5b build/usbd_conf.o
 .debug_loc     0x00000000000011c5      0x3fa build/usbd_desc.o
 .debug_loc     0x00000000000015bf      0x173 build/usbd_cdc_if.o
 .debug_loc     0x0000000000001732       0x60 build/stm32f1xx_it.o
 .debug_loc     0x0000000000001792       0x2c build/stm32f1xx_hal_msp.o
 .debug_loc     0x00000000000017be      0xd04 build/stm32f1xx_hal_pcd.o
 .debug_loc     0x00000000000024c2       0xdc build/stm32f1xx_hal_pcd_ex.o
 .debug_loc     0x000000000000259e     0x122e build/stm32f1xx_ll_usb.o
 .debug_loc     0x00000000000037cc      0x1b0 build/stm32f1xx_hal.o
 .debug_loc     0x000000000000397c      0x62d build/stm32f1xx_hal_rcc.o
 .debug_loc     0x0000000000003fa9      0x364 build/stm32f1xx_hal_rcc_ex.o
 .debug_loc     0x000000000000430d      0x450 build/stm32f1xx_hal_gpio.o
 .debug_loc     0x000000000000475d      0x867 build/stm32f1xx_hal_dma.o
 .debug_loc     0x0000000000004fc4      0x685 build/stm32f1xx_hal_cortex.o
 .debug_loc     0x0000000000005649      0xc2e build/stm32f1xx_hal_adc.o
 .debug_loc     0x0000000000006277     0x42de build/stm32f1xx_hal_i2c.o
 .debug_loc     0x000000000000a555     0x20de build/stm32f1xx_hal_spi.o
 .debug_loc     0x000000000000c633       0xdf build/system_stm32f1xx.o
 .debug_loc     0x000000000000c712      0x8aa build/usbd_core.o
 .debug_loc     0x000000000000cfbc     0x121a build/usbd_ctlreq.o
 .debug_loc     0x000000000000e1d6      0x31c build/usbd_ioreq.o
 .debug_loc     0x000000000000e4f2      0x841 build/usbd_cdc.o
 .debug_loc     0x000000000000ed33      0x76e build/adxl345.o
 .debug_loc     0x000000000000f4a1       0xae /usr/lib/gcc/arm-none-eabi/6.3.1/../../../arm-none-eabi/lib/thumb/v7-m/libc_nano.a(lib_a-init.o)
 .debug_loc     0x000000000000f54f      0x1bd /usr/lib/gcc/arm-none-eabi/6.3.1/../../../arm-none-eabi/lib/thumb/v7-m/libc_nano.a(lib_a-memset.o)
 .debug_loc     0x000000000000f70c      0x2c4 /usr/lib/gcc/arm-none-eabi/6.3.1/../../../arm-none-eabi/lib/thumb/v7-m/libc_nano.a(lib_a-snprintf.o)
 .debug_loc     0x000000000000f9d0       0x21 /usr/lib/gcc/arm-none-eabi/6.3.1/../../../arm-none-eabi/lib/thumb/v7-m/libc_nano.a(lib_a-strlen-stub.o)
 .debug_loc     0x000000000000f9f1      0x6cb /usr/lib/gcc/arm-none-eabi/6.3.1/../../../arm-none-eabi/lib/thumb/v7-m/libc_nano.a(lib_a-nano-svfprintf.o)
 .debug_loc     0x00000000000100bc      0x67f /usr/lib/gcc/arm-none-eabi/6.3.1/../../../arm-none-eabi/lib/thumb/v7-m/libc_nano.a(lib_a-nano-vfprintf_i.o)
 .debug_loc     0x000000000001073b      0x202 /usr/lib/gcc/arm-none-eabi/6.3.1/../../../arm-none-eabi/lib/thumb/v7-m/libc_nano.a(lib_a-memchr-stub.o)
 .debug_loc     0x000000000001093d      0x281 /usr/lib/gcc/arm-none-eabi/6.3.1/../../../arm-none-eabi/lib/thumb/v7-m/libc_nano.a(lib_a-memmove.o)
 .debug_loc     0x0000000000010bbe      0x140 /usr/lib/gcc/arm-none-eabi/6.3.1/../../../arm-none-eabi/lib/thumb/v7-m/libc_nano.a(lib_a-nano-freer.o)
 .debug_loc     0x0000000000010cfe      0x378 /usr/lib/gcc/arm-none-eabi/6.3.1/../../../arm-none-eabi/lib/thumb/v7-m/libc_nano.a(lib_a-nano-mallocr.o)
 .debug_loc     0x0000000000011076      0x185 /usr/lib/gcc/arm-none-eabi/6.3.1/../../../arm-none-eabi/lib/thumb/v7-m/libc_nano.a(lib_a-nano-reallocr.o)
 .debug_loc     0x00000000000111fb       0x4d /usr/lib/gcc/arm-none-eabi/6.3.1/../../../arm-none-eabi/lib/thumb/v7-m/libc_nano.a(lib_a-sbrkr.o)
 .debug_loc     0x0000000000011248       0x78 /usr/lib/gcc/arm-none-eabi/6.3.1/../../../arm-none-eabi/lib/thumb/v7-m/libc_nano.a(lib_a-nano-msizer.o)
 .debug_loc     0x00000000000112c0       0xec /usr/lib/gcc/arm-none-eabi/6.3.1/../../../arm-none-eabi/lib/thumb/v7-m/libc_nano.a(lib_a-reent.o)
 .debug_loc     0x00000000000113ac       0x38 /usr/lib/gcc/arm-none-eabi/6.3.1/../../../arm-none-eabi/lib/thumb/v7-m/libnosys.a(sbrk.o)

.debug_aranges  0x0000000000000000     0x1310
 .debug_aranges
                0x0000000000000000       0x30 build/main.o
 .debug_aranges
                0x0000000000000030       0x20 build/gpio.o
 .debug_aranges
                0x0000000000000050       0x30 build/adc.o
 .debug_aranges
                0x0000000000000080       0x20 build/dma.o
 .debug_aranges
                0x00000000000000a0       0x30 build/i2c.o
 .debug_aranges
                0x00000000000000d0       0x30 build/spi.o
 .debug_aranges
                0x0000000000000100       0x20 build/usb_device.o
 .debug_aranges
                0x0000000000000120      0x118 build/usbd_conf.o
 .debug_aranges
                0x0000000000000238       0x60 build/usbd_desc.o
 .debug_aranges
                0x0000000000000298       0x40 build/usbd_cdc_if.o
 .debug_aranges
                0x00000000000002d8       0x70 build/stm32f1xx_it.o
 .debug_aranges
                0x0000000000000348       0x20 build/stm32f1xx_hal_msp.o
 .debug_aranges
                0x0000000000000368      0x120 build/stm32f1xx_hal_pcd.o
 .debug_aranges
                0x0000000000000488       0x38 build/stm32f1xx_hal_pcd_ex.o
 .debug_aranges
                0x00000000000004c0      0x108 build/stm32f1xx_ll_usb.o
 .debug_aranges
                0x00000000000005c8       0xe0 build/stm32f1xx_hal.o
 .debug_aranges
                0x00000000000006a8       0x90 build/stm32f1xx_hal_rcc.o
 .debug_aranges
                0x0000000000000738       0x30 build/stm32f1xx_hal_rcc_ex.o
 .debug_aranges
                0x0000000000000768       0x58 build/stm32f1xx_hal_gpio.o
 .debug_aranges
                0x00000000000007c0       0x80 build/stm32f1xx_hal_dma.o
 .debug_aranges
                0x0000000000000840       0x90 build/stm32f1xx_hal_cortex.o
 .debug_aranges
                0x00000000000008d0       0xf0 build/stm32f1xx_hal_adc.o
 .debug_aranges
                0x00000000000009c0      0x290 build/stm32f1xx_hal_i2c.o
 .debug_aranges
                0x0000000000000c50      0x1d0 build/stm32f1xx_hal_spi.o
 .debug_aranges
                0x0000000000000e20       0x28 build/system_stm32f1xx.o
 .debug_aranges
                0x0000000000000e48       0xb8 build/usbd_core.o
 .debug_aranges
                0x0000000000000f00       0x88 build/usbd_ctlreq.o
 .debug_aranges
                0x0000000000000f88       0x50 build/usbd_ioreq.o
 .debug_aranges
                0x0000000000000fd8       0x90 build/usbd_cdc.o
 .debug_aranges
                0x0000000000001068       0x68 build/adxl345.o
 .debug_aranges
                0x00000000000010d0       0x28 build/startup_stm32f103xb.o
 .debug_aranges
                0x00000000000010f8       0x18 /usr/lib/gcc/arm-none-eabi/6.3.1/../../../arm-none-eabi/lib/thumb/v7-m/libc_nano.a(lib_a-impure.o)
 .debug_aranges
                0x0000000000001110       0x20 /usr/lib/gcc/arm-none-eabi/6.3.1/../../../arm-none-eabi/lib/thumb/v7-m/libc_nano.a(lib_a-init.o)
 .debug_aranges
                0x0000000000001130       0x20 /usr/lib/gcc/arm-none-eabi/6.3.1/../../../arm-none-eabi/lib/thumb/v7-m/libc_nano.a(lib_a-memset.o)
 .debug_aranges
                0x0000000000001150       0x20 /usr/lib/gcc/arm-none-eabi/6.3.1/../../../arm-none-eabi/lib/thumb/v7-m/libc_nano.a(lib_a-snprintf.o)
 .debug_aranges
                0x0000000000001170       0x20 /usr/lib/gcc/arm-none-eabi/6.3.1/../../../arm-none-eabi/lib/thumb/v7-m/libc_nano.a(lib_a-strlen-stub.o)
 .debug_aranges
                0x0000000000001190       0x20 /usr/lib/gcc/arm-none-eabi/6.3.1/../../../arm-none-eabi/lib/thumb/v7-m/libc_nano.a(lib_a-nano-svfprintf.o)
 .debug_aranges
                0x00000000000011b0       0x20 /usr/lib/gcc/arm-none-eabi/6.3.1/../../../arm-none-eabi/lib/thumb/v7-m/libc_nano.a(lib_a-nano-vfprintf_i.o)
 .debug_aranges
                0x00000000000011d0       0x20 /usr/lib/gcc/arm-none-eabi/6.3.1/../../../arm-none-eabi/lib/thumb/v7-m/libc_nano.a(lib_a-memchr-stub.o)
 .debug_aranges
                0x00000000000011f0       0x20 /usr/lib/gcc/arm-none-eabi/6.3.1/../../../arm-none-eabi/lib/thumb/v7-m/libc_nano.a(lib_a-memcpy.o)
 .debug_aranges
                0x0000000000001210       0x20 /usr/lib/gcc/arm-none-eabi/6.3.1/../../../arm-none-eabi/lib/thumb/v7-m/libc_nano.a(lib_a-memmove.o)
 .debug_aranges
                0x0000000000001230       0x20 /usr/lib/gcc/arm-none-eabi/6.3.1/../../../arm-none-eabi/lib/thumb/v7-m/libc_nano.a(lib_a-nano-freer.o)
 .debug_aranges
                0x0000000000001250       0x20 /usr/lib/gcc/arm-none-eabi/6.3.1/../../../arm-none-eabi/lib/thumb/v7-m/libc_nano.a(lib_a-nano-mallocr.o)
 .debug_aranges
                0x0000000000001270       0x20 /usr/lib/gcc/arm-none-eabi/6.3.1/../../../arm-none-eabi/lib/thumb/v7-m/libc_nano.a(lib_a-nano-reallocr.o)
 .debug_aranges
                0x0000000000001290       0x20 /usr/lib/gcc/arm-none-eabi/6.3.1/../../../arm-none-eabi/lib/thumb/v7-m/libc_nano.a(lib_a-sbrkr.o)
 .debug_aranges
                0x00000000000012b0       0x20 /usr/lib/gcc/arm-none-eabi/6.3.1/../../../arm-none-eabi/lib/thumb/v7-m/libc_nano.a(lib_a-nano-msizer.o)
 .debug_aranges
                0x00000000000012d0       0x20 /usr/lib/gcc/arm-none-eabi/6.3.1/../../../arm-none-eabi/lib/thumb/v7-m/libc_nano.a(lib_a-reent.o)
 .debug_aranges
                0x00000000000012f0       0x20 /usr/lib/gcc/arm-none-eabi/6.3.1/../../../arm-none-eabi/lib/thumb/v7-m/libnosys.a(sbrk.o)

.debug_ranges   0x0000000000000000     0x1250
 .debug_ranges  0x0000000000000000       0x20 build/main.o
 .debug_ranges  0x0000000000000020       0x10 build/gpio.o
 .debug_ranges  0x0000000000000030       0x20 build/adc.o
 .debug_ranges  0x0000000000000050       0x10 build/dma.o
 .debug_ranges  0x0000000000000060       0x20 build/i2c.o
 .debug_ranges  0x0000000000000080       0x20 build/spi.o
 .debug_ranges  0x00000000000000a0       0x10 build/usb_device.o
 .debug_ranges  0x00000000000000b0      0x108 build/usbd_conf.o
 .debug_ranges  0x00000000000001b8       0x50 build/usbd_desc.o
 .debug_ranges  0x0000000000000208       0x30 build/usbd_cdc_if.o
 .debug_ranges  0x0000000000000238       0x60 build/stm32f1xx_it.o
 .debug_ranges  0x0000000000000298       0x10 build/stm32f1xx_hal_msp.o
 .debug_ranges  0x00000000000002a8      0x140 build/stm32f1xx_hal_pcd.o
 .debug_ranges  0x00000000000003e8       0x28 build/stm32f1xx_hal_pcd_ex.o
 .debug_ranges  0x0000000000000410      0x218 build/stm32f1xx_ll_usb.o
 .debug_ranges  0x0000000000000628       0xd0 build/stm32f1xx_hal.o
 .debug_ranges  0x00000000000006f8       0xa0 build/stm32f1xx_hal_rcc.o
 .debug_ranges  0x0000000000000798       0x38 build/stm32f1xx_hal_rcc_ex.o
 .debug_ranges  0x00000000000007d0       0x48 build/stm32f1xx_hal_gpio.o
 .debug_ranges  0x0000000000000818       0x70 build/stm32f1xx_hal_dma.o
 .debug_ranges  0x0000000000000888       0xe0 build/stm32f1xx_hal_cortex.o
 .debug_ranges  0x0000000000000968       0xe0 build/stm32f1xx_hal_adc.o
 .debug_ranges  0x0000000000000a48      0x298 build/stm32f1xx_hal_i2c.o
 .debug_ranges  0x0000000000000ce0      0x1c0 build/stm32f1xx_hal_spi.o
 .debug_ranges  0x0000000000000ea0       0x18 build/system_stm32f1xx.o
 .debug_ranges  0x0000000000000eb8       0xa8 build/usbd_core.o
 .debug_ranges  0x0000000000000f60       0x78 build/usbd_ctlreq.o
 .debug_ranges  0x0000000000000fd8       0x40 build/usbd_ioreq.o
 .debug_ranges  0x0000000000001018       0x80 build/usbd_cdc.o
 .debug_ranges  0x0000000000001098       0x58 build/adxl345.o
 .debug_ranges  0x00000000000010f0       0x20 build/startup_stm32f103xb.o
 .debug_ranges  0x0000000000001110       0x10 /usr/lib/gcc/arm-none-eabi/6.3.1/../../../arm-none-eabi/lib/thumb/v7-m/libc_nano.a(lib_a-strlen-stub.o)
 .debug_ranges  0x0000000000001120       0x40 /usr/lib/gcc/arm-none-eabi/6.3.1/../../../arm-none-eabi/lib/thumb/v7-m/libc_nano.a(lib_a-nano-svfprintf.o)
 .debug_ranges  0x0000000000001160       0xb0 /usr/lib/gcc/arm-none-eabi/6.3.1/../../../arm-none-eabi/lib/thumb/v7-m/libc_nano.a(lib_a-nano-vfprintf_i.o)
 .debug_ranges  0x0000000000001210       0x40 /usr/lib/gcc/arm-none-eabi/6.3.1/../../../arm-none-eabi/lib/thumb/v7-m/libc_nano.a(lib_a-nano-mallocr.o)

.debug_line     0x0000000000000000     0x9c17
 .debug_line    0x0000000000000000      0x3b6 build/main.o
 .debug_line    0x00000000000003b6      0x13c build/gpio.o
 .debug_line    0x00000000000004f2      0x21a build/adc.o
 .debug_line    0x000000000000070c      0x155 build/dma.o
 .debug_line    0x0000000000000861      0x1e8 build/i2c.o
 .debug_line    0x0000000000000a49      0x1eb build/spi.o
 .debug_line    0x0000000000000c34      0x26f build/usb_device.o
 .debug_line    0x0000000000000ea3      0x521 build/usbd_conf.o
 .debug_line    0x00000000000013c4      0x2c3 build/usbd_desc.o
 .debug_line    0x0000000000001687      0x28e build/usbd_cdc_if.o
 .debug_line    0x0000000000001915      0x240 build/stm32f1xx_it.o
 .debug_line    0x0000000000001b55      0x14a build/stm32f1xx_hal_msp.o
 .debug_line    0x0000000000001c9f      0x67c build/stm32f1xx_hal_pcd.o
 .debug_line    0x000000000000231b      0x1e8 build/stm32f1xx_hal_pcd_ex.o
 .debug_line    0x0000000000002503      0x635 build/stm32f1xx_ll_usb.o
 .debug_line    0x0000000000002b38      0x354 build/stm32f1xx_hal.o
 .debug_line    0x0000000000002e8c      0x48c build/stm32f1xx_hal_rcc.o
 .debug_line    0x0000000000003318      0x26d build/stm32f1xx_hal_rcc_ex.o
 .debug_line    0x0000000000003585      0x31f build/stm32f1xx_hal_gpio.o
 .debug_line    0x00000000000038a4      0x500 build/stm32f1xx_hal_dma.o
 .debug_line    0x0000000000003da4      0x328 build/stm32f1xx_hal_cortex.o
 .debug_line    0x00000000000040cc      0x706 build/stm32f1xx_hal_adc.o
 .debug_line    0x00000000000047d2     0x17ee build/stm32f1xx_hal_i2c.o
 .debug_line    0x0000000000005fc0      0xbbb build/stm32f1xx_hal_spi.o
 .debug_line    0x0000000000006b7b      0x193 build/system_stm32f1xx.o
 .debug_line    0x0000000000006d0e      0x475 build/usbd_core.o
 .debug_line    0x0000000000007183      0x59f build/usbd_ctlreq.o
 .debug_line    0x0000000000007722      0x295 build/usbd_ioreq.o
 .debug_line    0x00000000000079b7      0x4a9 build/usbd_cdc.o
 .debug_line    0x0000000000007e60      0x307 build/adxl345.o
 .debug_line    0x0000000000008167       0x72 build/startup_stm32f103xb.o
 .debug_line    0x00000000000081d9       0xe9 /usr/lib/gcc/arm-none-eabi/6.3.1/../../../arm-none-eabi/lib/thumb/v7-m/libc_nano.a(lib_a-impure.o)
 .debug_line    0x00000000000082c2       0xb9 /usr/lib/gcc/arm-none-eabi/6.3.1/../../../arm-none-eabi/lib/thumb/v7-m/libc_nano.a(lib_a-init.o)
 .debug_line    0x000000000000837b      0x176 /usr/lib/gcc/arm-none-eabi/6.3.1/../../../arm-none-eabi/lib/thumb/v7-m/libc_nano.a(lib_a-memset.o)
 .debug_line    0x00000000000084f1      0x21e /usr/lib/gcc/arm-none-eabi/6.3.1/../../../arm-none-eabi/lib/thumb/v7-m/libc_nano.a(lib_a-snprintf.o)
 .debug_line    0x000000000000870f      0x152 /usr/lib/gcc/arm-none-eabi/6.3.1/../../../arm-none-eabi/lib/thumb/v7-m/libc_nano.a(lib_a-strlen-stub.o)
 .debug_line    0x0000000000008861      0x391 /usr/lib/gcc/arm-none-eabi/6.3.1/../../../arm-none-eabi/lib/thumb/v7-m/libc_nano.a(lib_a-nano-svfprintf.o)
 .debug_line    0x0000000000008bf2      0x39d /usr/lib/gcc/arm-none-eabi/6.3.1/../../../arm-none-eabi/lib/thumb/v7-m/libc_nano.a(lib_a-nano-vfprintf_i.o)
 .debug_line    0x0000000000008f8f      0x186 /usr/lib/gcc/arm-none-eabi/6.3.1/../../../arm-none-eabi/lib/thumb/v7-m/libc_nano.a(lib_a-memchr-stub.o)
 .debug_line    0x0000000000009115       0xbe /usr/lib/gcc/arm-none-eabi/6.3.1/../../../arm-none-eabi/lib/thumb/v7-m/libc_nano.a(lib_a-memcpy.o)
 .debug_line    0x00000000000091d3      0x185 /usr/lib/gcc/arm-none-eabi/6.3.1/../../../arm-none-eabi/lib/thumb/v7-m/libc_nano.a(lib_a-memmove.o)
 .debug_line    0x0000000000009358      0x160 /usr/lib/gcc/arm-none-eabi/6.3.1/../../../arm-none-eabi/lib/thumb/v7-m/libc_nano.a(lib_a-nano-freer.o)
 .debug_line    0x00000000000094b8      0x1a4 /usr/lib/gcc/arm-none-eabi/6.3.1/../../../arm-none-eabi/lib/thumb/v7-m/libc_nano.a(lib_a-nano-mallocr.o)
 .debug_line    0x000000000000965c      0x17b /usr/lib/gcc/arm-none-eabi/6.3.1/../../../arm-none-eabi/lib/thumb/v7-m/libc_nano.a(lib_a-nano-reallocr.o)
 .debug_line    0x00000000000097d7      0x15a /usr/lib/gcc/arm-none-eabi/6.3.1/../../../arm-none-eabi/lib/thumb/v7-m/libc_nano.a(lib_a-sbrkr.o)
 .debug_line    0x0000000000009931      0x10f /usr/lib/gcc/arm-none-eabi/6.3.1/../../../arm-none-eabi/lib/thumb/v7-m/libc_nano.a(lib_a-nano-msizer.o)
 .debug_line    0x0000000000009a40      0x17c /usr/lib/gcc/arm-none-eabi/6.3.1/../../../arm-none-eabi/lib/thumb/v7-m/libc_nano.a(lib_a-reent.o)
 .debug_line    0x0000000000009bbc       0x5b /usr/lib/gcc/arm-none-eabi/6.3.1/../../../arm-none-eabi/lib/thumb/v7-m/libnosys.a(sbrk.o)

.debug_str      0x0000000000000000     0x5634
 .debug_str     0x0000000000000000     0x12ab build/main.o
                                       0x14a9 (size before relaxing)
 .debug_str     0x00000000000012ab       0x4c build/gpio.o
                                        0x25f (size before relaxing)
 .debug_str     0x00000000000012f7      0x103 build/adc.o
                                        0x6bf (size before relaxing)
 .debug_str     0x00000000000013fa      0x307 build/dma.o
                                        0x55a (size before relaxing)
 .debug_str     0x0000000000001701       0x43 build/i2c.o
                                        0x7b0 (size before relaxing)
 .debug_str     0x0000000000001744       0x43 build/spi.o
                                        0x6f3 (size before relaxing)
 .debug_str     0x0000000000001787       0x85 build/usb_device.o
                                        0xa87 (size before relaxing)
 .debug_str     0x000000000000180c      0x817 build/usbd_conf.o
                                       0x15ca (size before relaxing)
 .debug_str     0x0000000000002023      0x171 build/usbd_desc.o
                                        0x892 (size before relaxing)
 .debug_str     0x0000000000002194      0x113 build/usbd_cdc_if.o
                                        0xb57 (size before relaxing)
 .debug_str     0x00000000000022a7      0x109 build/stm32f1xx_it.o
                                        0x7f2 (size before relaxing)
 .debug_str     0x00000000000023b0       0x48 build/stm32f1xx_hal_msp.o
                                        0x299 (size before relaxing)
 .debug_str     0x00000000000023f8      0x27c build/stm32f1xx_hal_pcd.o
                                        0xa86 (size before relaxing)
 .debug_str     0x0000000000002674      0x159 build/stm32f1xx_hal_pcd_ex.o
                                        0x71c (size before relaxing)
 .debug_str     0x00000000000027cd      0x19f build/stm32f1xx_ll_usb.o
                                        0x786 (size before relaxing)
 .debug_str     0x000000000000296c      0x268 build/stm32f1xx_hal.o
                                        0x80c (size before relaxing)
 .debug_str     0x0000000000002bd4      0x1e2 build/stm32f1xx_hal_rcc.o
                                        0x661 (size before relaxing)
 .debug_str     0x0000000000002db6       0x9c build/stm32f1xx_hal_rcc_ex.o
                                        0x440 (size before relaxing)
 .debug_str     0x0000000000002e52      0x140 build/stm32f1xx_hal_gpio.o
                                        0x47f (size before relaxing)
 .debug_str     0x0000000000002f92      0x20d build/stm32f1xx_hal_dma.o
                                        0x67c (size before relaxing)
 .debug_str     0x000000000000319f      0x315 build/stm32f1xx_hal_cortex.o
                                        0x92e (size before relaxing)
 .debug_str     0x00000000000034b4      0x2f5 build/stm32f1xx_hal_adc.o
                                        0x930 (size before relaxing)
 .debug_str     0x00000000000037a9      0x83e build/stm32f1xx_hal_i2c.o
                                        0xfe2 (size before relaxing)
 .debug_str     0x0000000000003fe7      0x4f0 build/stm32f1xx_hal_spi.o
                                        0xba3 (size before relaxing)
 .debug_str     0x00000000000044d7       0x4a build/system_stm32f1xx.o
                                        0x2ee (size before relaxing)
 .debug_str     0x0000000000004521      0x13e build/usbd_core.o
                                        0xc7d (size before relaxing)
 .debug_str     0x000000000000465f       0xe2 build/usbd_ctlreq.o
                                        0xb97 (size before relaxing)
 .debug_str     0x0000000000004741       0x60 build/usbd_ioreq.o
                                        0xac4 (size before relaxing)
 .debug_str     0x00000000000047a1      0x18f build/usbd_cdc.o
                                       0x1039 (size before relaxing)
 .debug_str     0x0000000000004930       0xc9 build/adxl345.o
                                        0xa92 (size before relaxing)
 .debug_str     0x00000000000049f9      0x16f /usr/lib/gcc/arm-none-eabi/6.3.1/../../../arm-none-eabi/lib/thumb/v7-m/libc_nano.a(lib_a-impure.o)
                                        0x5a6 (size before relaxing)
 .debug_str     0x0000000000004b68       0xed /usr/lib/gcc/arm-none-eabi/6.3.1/../../../arm-none-eabi/lib/thumb/v7-m/libc_nano.a(lib_a-init.o)
                                        0x1f7 (size before relaxing)
 .debug_str     0x0000000000004c55       0xa0 /usr/lib/gcc/arm-none-eabi/6.3.1/../../../arm-none-eabi/lib/thumb/v7-m/libc_nano.a(lib_a-memset.o)
                                        0x5be (size before relaxing)
 .debug_str     0x0000000000004cf5      0x201 /usr/lib/gcc/arm-none-eabi/6.3.1/../../../arm-none-eabi/lib/thumb/v7-m/libc_nano.a(lib_a-snprintf.o)
                                        0x747 (size before relaxing)
 .debug_str     0x0000000000004ef6       0xa5 /usr/lib/gcc/arm-none-eabi/6.3.1/../../../arm-none-eabi/lib/thumb/v7-m/libc_nano.a(lib_a-strlen-stub.o)
                                        0x5bc (size before relaxing)
 .debug_str     0x0000000000004f9b      0x236 /usr/lib/gcc/arm-none-eabi/6.3.1/../../../arm-none-eabi/lib/thumb/v7-m/libc_nano.a(lib_a-nano-svfprintf.o)
                                        0x915 (size before relaxing)
 .debug_str     0x00000000000051d1       0x8b /usr/lib/gcc/arm-none-eabi/6.3.1/../../../arm-none-eabi/lib/thumb/v7-m/libc_nano.a(lib_a-nano-vfprintf_i.o)
                                        0x8b4 (size before relaxing)
 .debug_str     0x000000000000525c       0x4c /usr/lib/gcc/arm-none-eabi/6.3.1/../../../arm-none-eabi/lib/thumb/v7-m/libc_nano.a(lib_a-memchr-stub.o)
                                        0x5d6 (size before relaxing)
 .debug_str     0x00000000000052a8       0x53 /usr/lib/gcc/arm-none-eabi/6.3.1/../../../arm-none-eabi/lib/thumb/v7-m/libc_nano.a(lib_a-memmove.o)
                                        0x5dd (size before relaxing)
 .debug_str     0x00000000000052fb      0x161 /usr/lib/gcc/arm-none-eabi/6.3.1/../../../arm-none-eabi/lib/thumb/v7-m/libc_nano.a(lib_a-nano-freer.o)
                                        0x6b8 (size before relaxing)
 .debug_str     0x000000000000545c       0x32 /usr/lib/gcc/arm-none-eabi/6.3.1/../../../arm-none-eabi/lib/thumb/v7-m/libc_nano.a(lib_a-nano-mallocr.o)
                                        0x6cf (size before relaxing)
 .debug_str     0x000000000000548e       0x23 /usr/lib/gcc/arm-none-eabi/6.3.1/../../../arm-none-eabi/lib/thumb/v7-m/libc_nano.a(lib_a-nano-reallocr.o)
                                        0x6d3 (size before relaxing)
 .debug_str     0x00000000000054b1       0x44 /usr/lib/gcc/arm-none-eabi/6.3.1/../../../arm-none-eabi/lib/thumb/v7-m/libc_nano.a(lib_a-sbrkr.o)
                                        0x5e9 (size before relaxing)
 .debug_str     0x00000000000054f5        0xf /usr/lib/gcc/arm-none-eabi/6.3.1/../../../arm-none-eabi/lib/thumb/v7-m/libc_nano.a(lib_a-nano-msizer.o)
                                        0x6b1 (size before relaxing)
 .debug_str     0x0000000000005504       0x5b /usr/lib/gcc/arm-none-eabi/6.3.1/../../../arm-none-eabi/lib/thumb/v7-m/libc_nano.a(lib_a-reent.o)
                                        0x5e2 (size before relaxing)
 .debug_str     0x000000000000555f       0xd5 /usr/lib/gcc/arm-none-eabi/6.3.1/../../../arm-none-eabi/lib/thumb/v7-m/libnosys.a(sbrk.o)
                                         0xee (size before relaxing)

.debug_frame    0x0000000000000000     0x34b8
 .debug_frame   0x0000000000000000       0x60 build/main.o
 .debug_frame   0x0000000000000060       0x28 build/gpio.o
 .debug_frame   0x0000000000000088       0x70 build/adc.o
 .debug_frame   0x00000000000000f8       0x2c build/dma.o
 .debug_frame   0x0000000000000124       0x6c build/i2c.o
 .debug_frame   0x0000000000000190       0x68 build/spi.o
 .debug_frame   0x00000000000001f8       0x2c build/usb_device.o
 .debug_frame   0x0000000000000224      0x354 build/usbd_conf.o
 .debug_frame   0x0000000000000578       0xfc build/usbd_desc.o
 .debug_frame   0x0000000000000674       0x84 build/usbd_cdc_if.o
 .debug_frame   0x00000000000006f8       0xe4 build/stm32f1xx_it.o
 .debug_frame   0x00000000000007dc       0x28 build/stm32f1xx_hal_msp.o
 .debug_frame   0x0000000000000804      0x334 build/stm32f1xx_hal_pcd.o
 .debug_frame   0x0000000000000b38       0x50 build/stm32f1xx_hal_pcd_ex.o
 .debug_frame   0x0000000000000b88      0x270 build/stm32f1xx_ll_usb.o
 .debug_frame   0x0000000000000df8      0x1e4 build/stm32f1xx_hal.o
 .debug_frame   0x0000000000000fdc      0x1c4 build/stm32f1xx_hal_rcc.o
 .debug_frame   0x00000000000011a0       0x74 build/stm32f1xx_hal_rcc_ex.o
 .debug_frame   0x0000000000001214      0x104 build/stm32f1xx_hal_gpio.o
 .debug_frame   0x0000000000001318      0x168 build/stm32f1xx_hal_dma.o
 .debug_frame   0x0000000000001480      0x13c build/stm32f1xx_hal_cortex.o
 .debug_frame   0x00000000000015bc      0x300 build/stm32f1xx_hal_adc.o
 .debug_frame   0x00000000000018bc      0xa10 build/stm32f1xx_hal_i2c.o
 .debug_frame   0x00000000000022cc      0x624 build/stm32f1xx_hal_spi.o
 .debug_frame   0x00000000000028f0       0x30 build/system_stm32f1xx.o
 .debug_frame   0x0000000000002920      0x1f0 build/usbd_core.o
 .debug_frame   0x0000000000002b10      0x1ac build/usbd_ctlreq.o
 .debug_frame   0x0000000000002cbc       0xd4 build/usbd_ioreq.o
 .debug_frame   0x0000000000002d90      0x188 build/usbd_cdc.o